Archive member included because of file (symbol)

C:/Freescale/CW MCU v10.5/MCU/ARM_GCC_Support/ewl/lib/armv6-m\libc.a(exit.o)
                              ./Project_Settings/Startup_Code/__arm_start.o (exit)
C:/Freescale/CW MCU v10.5/MCU/ARM_GCC_Support/ewl/lib/armv6-m\libc.a(memcpy.o)
                              ./Generated_Code/queue.o (memcpy)
C:/Freescale/CW MCU v10.5/MCU/ARM_GCC_Support/ewl/lib/armv6-m\libc.a(memset.o)
                              ./Generated_Code/tasks.o (memset)
C:/Freescale/CW MCU v10.5/MCU/ARM_GCC_Support/ewl/lib/armv6-m\libc.a(strchr.o)
                              ./Generated_Code/Utility.o (strchr)
C:/Freescale/CW MCU v10.5/MCU/ARM_GCC_Support/ewl/lib/armv6-m\libc.a(strlen.o)
                              ./Generated_Code/Utility.o (strlen)
C:/Freescale/CW MCU v10.5/MCU/ARM_GCC_Support/ewl/lib/armv6-m\libc.a(strncmp.o)
                              ./Generated_Code/Utility.o (strncmp)
C:/Freescale/CW MCU v10.5/MCU/ARM_GCC_Support/ewl/lib/armv6-m\libc.a(printformat_.o)
                              (__pformatter_)
C:/Freescale/CW MCU v10.5/MCU/ARM_GCC_Support/ewl/lib/armv6-m\libc.a(scanformat_.o)
                              (__sformatter)
C:/Freescale/CW MCU v10.5/MCU/ARM_GCC_Support/ewl/lib/armv6-m\libc.a(ctype_aeabi.o)
                              C:/Freescale/CW MCU v10.5/MCU/ARM_GCC_Support/ewl/lib/armv6-m\libc.a(scanformat_.o) (isspace)
C:/Freescale/CW MCU v10.5/MCU/ARM_GCC_Support/ewl/lib/armv6-m\libc.a(__strtoul.o)
                              C:/Freescale/CW MCU v10.5/MCU/ARM_GCC_Support/ewl/lib/armv6-m\libc.a(scanformat_.o) (__strtoul)
C:/Freescale/CW MCU v10.5/MCU/ARM_GCC_Support/ewl/lib/armv6-m\libc.a(__filll_mem.o)
                              C:/Freescale/CW MCU v10.5/MCU/ARM_GCC_Support/ewl/lib/armv6-m\libc.a(memset.o) (__fill_mem)
C:/Freescale/CW MCU v10.5/MCU/ARM_GCC_Support/ewl/lib/armv6-m\libc.a(memchr.o)
                              C:/Freescale/CW MCU v10.5/MCU/ARM_GCC_Support/ewl/lib/armv6-m\libc.a(printformat_.o) (memchr)
c:/freescale/cw mcu v10.5/cross_tools/arm-none-eabi-gcc-4_7_3/bin/../lib/gcc/arm-none-eabi/4.7.3/armv6-m\libgcc.a(_thumb1_case_sqi.o)
                              C:/Freescale/CW MCU v10.5/MCU/ARM_GCC_Support/ewl/lib/armv6-m\libc.a(__strtoul.o) (__gnu_thumb1_case_sqi)
c:/freescale/cw mcu v10.5/cross_tools/arm-none-eabi-gcc-4_7_3/bin/../lib/gcc/arm-none-eabi/4.7.3/armv6-m\libgcc.a(_thumb1_case_uqi.o)
                              C:/Freescale/CW MCU v10.5/MCU/ARM_GCC_Support/ewl/lib/armv6-m\libc.a(scanformat_.o) (__gnu_thumb1_case_uqi)
c:/freescale/cw mcu v10.5/cross_tools/arm-none-eabi-gcc-4_7_3/bin/../lib/gcc/arm-none-eabi/4.7.3/armv6-m\libgcc.a(_udivsi3.o)
                              ./Generated_Code/Utility.o (__aeabi_uidiv)
c:/freescale/cw mcu v10.5/cross_tools/arm-none-eabi-gcc-4_7_3/bin/../lib/gcc/arm-none-eabi/4.7.3/armv6-m\libgcc.a(_divsi3.o)
                              ./Generated_Code/Utility.o (__aeabi_idiv)
c:/freescale/cw mcu v10.5/cross_tools/arm-none-eabi-gcc-4_7_3/bin/../lib/gcc/arm-none-eabi/4.7.3/armv6-m\libgcc.a(_dvmd_tls.o)
                              c:/freescale/cw mcu v10.5/cross_tools/arm-none-eabi-gcc-4_7_3/bin/../lib/gcc/arm-none-eabi/4.7.3/armv6-m\libgcc.a(_udivsi3.o) (__aeabi_idiv0)
c:/freescale/cw mcu v10.5/cross_tools/arm-none-eabi-gcc-4_7_3/bin/../lib/gcc/arm-none-eabi/4.7.3/armv6-m\libgcc.a(_arm_cmpsf2.o)
                              ./Generated_Code/PwmLdd4.o (__aeabi_fcmpgt)
c:/freescale/cw mcu v10.5/cross_tools/arm-none-eabi-gcc-4_7_3/bin/../lib/gcc/arm-none-eabi/4.7.3/armv6-m\libgcc.a(_fixunssfsi.o)
                              ./Generated_Code/PwmLdd4.o (__aeabi_f2uiz)
c:/freescale/cw mcu v10.5/cross_tools/arm-none-eabi-gcc-4_7_3/bin/../lib/gcc/arm-none-eabi/4.7.3/armv6-m\libgcc.a(eqsf2.o)
                              c:/freescale/cw mcu v10.5/cross_tools/arm-none-eabi-gcc-4_7_3/bin/../lib/gcc/arm-none-eabi/4.7.3/armv6-m\libgcc.a(_arm_cmpsf2.o) (__eqsf2)
c:/freescale/cw mcu v10.5/cross_tools/arm-none-eabi-gcc-4_7_3/bin/../lib/gcc/arm-none-eabi/4.7.3/armv6-m\libgcc.a(gesf2.o)
                              c:/freescale/cw mcu v10.5/cross_tools/arm-none-eabi-gcc-4_7_3/bin/../lib/gcc/arm-none-eabi/4.7.3/armv6-m\libgcc.a(_arm_cmpsf2.o) (__gesf2)
c:/freescale/cw mcu v10.5/cross_tools/arm-none-eabi-gcc-4_7_3/bin/../lib/gcc/arm-none-eabi/4.7.3/armv6-m\libgcc.a(lesf2.o)
                              c:/freescale/cw mcu v10.5/cross_tools/arm-none-eabi-gcc-4_7_3/bin/../lib/gcc/arm-none-eabi/4.7.3/armv6-m\libgcc.a(_arm_cmpsf2.o) (__lesf2)
c:/freescale/cw mcu v10.5/cross_tools/arm-none-eabi-gcc-4_7_3/bin/../lib/gcc/arm-none-eabi/4.7.3/armv6-m\libgcc.a(mulsf3.o)
                              ./Generated_Code/PwmLdd4.o (__aeabi_fmul)
c:/freescale/cw mcu v10.5/cross_tools/arm-none-eabi-gcc-4_7_3/bin/../lib/gcc/arm-none-eabi/4.7.3/armv6-m\libgcc.a(subsf3.o)
[...]
Memory Configuration

Name             Origin             Length             Attributes
m_interrupts     0x00000000         0x000000c0         xr
m_text           0x00000410         0x0003fbf0         xr
m_data           0x1fffe000         0x00008000         rw
m_cfmprotrom     0x00000400         0x00000010         xr
*default*        0x00000000         0xffffffff

Linker script and memory map

LOAD ./Generated_Code/timers.o
LOAD ./Generated_Code/tasks.o
LOAD ./Generated_Code/queue.o
LOAD ./Generated_Code/portasm.o
LOAD ./Generated_Code/port.o
LOAD ./Generated_Code/list.o
LOAD ./Generated_Code/heap_4.o
LOAD ./Generated_Code/heap_3.o
LOAD ./Generated_Code/heap_2.o
LOAD ./Generated_Code/heap_1.o
LOAD ./Generated_Code/event_groups.o
LOAD ./Generated_Code/croutine.o
LOAD ./Generated_Code/Wait.o
LOAD ./Generated_Code/Vectors.o
LOAD ./Generated_Code/Utility.o
LOAD ./Generated_Code/TriggerTop.o
LOAD ./Generated_Code/TriggerRight.o
LOAD ./Generated_Code/TriggerLeft.o
LOAD ./Generated_Code/TU2.o
LOAD ./Generated_Code/TU1.o
LOAD ./Generated_Code/RBT1.o
LOAD ./Generated_Code/PwmLdd4.o
LOAD ./Generated_Code/PwmLdd3.o
LOAD ./Generated_Code/PwmLdd2.o
LOAD ./Generated_Code/PwmLdd1.o
LOAD ./Generated_Code/PE_LDD.o
LOAD ./Generated_Code/OS.o
LOAD ./Generated_Code/LEDpin1.o
LOAD ./Generated_Code/IN4.o
LOAD ./Generated_Code/IN3.o
LOAD ./Generated_Code/IN2.o
LOAD ./Generated_Code/IN1.o
LOAD ./Generated_Code/EchoTop.o
LOAD ./Generated_Code/Debugging.o
LOAD ./Generated_Code/Cpu.o
LOAD ./Generated_Code/BlueSerial.o
LOAD ./Generated_Code/BitIoLdd1.o
LOAD ./Generated_Code/ASerialLdd1.o
LOAD ./Project_Settings/Startup_Code/__arm_start.o
LOAD ./Project_Settings/Startup_Code/__arm_end.o
LOAD ./Sources/sa_mtb.o
LOAD ./Sources/ProcessorExpert.o
LOAD ./Sources/Events.o
                0x00003d64                __pformatter = __pformatter_
                [0x0000418c]                __sformatter = __sformatter
START GROUP
LOAD C:/Freescale/CW MCU v10.5/MCU/ARM_GCC_Support/ewl/lib/armv6-m\libc.a
LOAD C:/Freescale/CW MCU v10.5/MCU/ARM_GCC_Support/ewl/lib/armv6-m\libm.a
LOAD c:/freescale/cw mcu v10.5/cross_tools/arm-none-eabi-gcc-4_7_3/bin/../lib/gcc/arm-none-eabi/4.7.3/armv6-m\libgcc.a
LOAD C:/Freescale/CW MCU v10.5/MCU/ARM_GCC_Support/ewl/lib/armv6-m\librt.a
LOAD C:/Freescale/CW MCU v10.5/MCU/ARM_GCC_Support/ewl/lib/armv6-m\libuart.a
END GROUP
                0x20006000                _estack = 0x20006000
                0x20006000                __SP_INIT = _estack
                0x00000000                __heap_size = 0x0
                0x00000400                __stack_size = 0x400

.interrupts     0x00000000       0xc0
                0x00000000                __vector_table = .
                0x00000000                . = ALIGN (0x4)
 *(.vectortable)
 .vectortable   0x00000000       0xc0 ./Generated_Code/Vectors.o
                0x00000000                __vect_table
                0x000000c0                . = ALIGN (0x4)

.cfmprotect     0x00000400       0x10
                0x00000400                . = ALIGN (0x4)
 *(.cfmconfig)
 .cfmconfig     0x00000400       0x10 ./Generated_Code/Cpu.o
                0x00000400                _cfm
                0x00000410                . = ALIGN (0x4)

.text           0x00000410     0x48c8
                0x00000410                . = ALIGN (0x4)
 *(.text)
 .text          0x00000410       0x14 c:/freescale/cw mcu v10.5/cross_tools/arm-none-eabi-gcc-4_7_3/bin/../lib/gcc/arm-none-eabi/4.7.3/armv6-m\libgcc.a(_thumb1_case_sqi.o)
                0x00000410                __gnu_thumb1_case_sqi
 .text          0x00000424       0x14 c:/freescale/cw mcu v10.5/cross_tools/arm-none-eabi-gcc-4_7_3/bin/../lib/gcc/arm-none-eabi/4.7.3/armv6-m\libgcc.a(_thumb1_case_uqi.o)
                0x00000424                __gnu_thumb1_case_uqi
 .text          0x00000438       0x9c c:/freescale/cw mcu v10.5/cross_tools/arm-none-eabi-gcc-4_7_3/bin/../lib/gcc/arm-none-eabi/4.7.3/armv6-m\libgcc.a(_udivsi3.o)
                0x00000438                __aeabi_uidiv
                0x00000438                __udivsi3
                0x000004c0                __aeabi_uidivmod
 .text          0x000004d4        0x4 c:/freescale/cw mcu v10.5/cross_tools/arm-none-eabi-gcc-4_7_3/bin/../lib/gcc/arm-none-eabi/4.7.3/armv6-m\libgcc.a(_dvmd_tls.o)
                0x000004d4                __aeabi_idiv0
                0x000004d4                __aeabi_ldiv0
 *(.text*)
 .text.xTaskGenericCreate
                0x000004d8      0x164 ./Generated_Code/tasks.o
                0x000004d8                xTaskGenericCreate
 .text.vTaskDelay
                0x0000063c       0x64 ./Generated_Code/tasks.o
                0x0000063c                vTaskDelay
 .text.vTaskStartScheduler
                0x000006a0       0x64 ./Generated_Code/tasks.o
                0x000006a0                vTaskStartScheduler
 .text.vTaskSuspendAll
                0x00000704       0x18 ./Generated_Code/tasks.o
                0x00000704                vTaskSuspendAll
 .text.xTaskResumeAll
                0x0000071c      0x108 ./Generated_Code/tasks.o
                0x0000071c                xTaskResumeAll
 .text.xTaskIncrementTick
                0x00000824      0x180 ./Generated_Code/tasks.o
                0x00000824                xTaskIncrementTick
 .text.vTaskSwitchContext
                0x000009a4       0xc0 ./Generated_Code/tasks.o
                0x000009a4                vTaskSwitchContext
 .text.vTaskPlaceOnEventList
                0x00000a64       0x6c ./Generated_Code/tasks.o
                0x00000a64                vTaskPlaceOnEventList
 .text.xTaskRemoveFromEventList
                0x00000ad0       0xb8 ./Generated_Code/tasks.o
                0x00000ad0                xTaskRemoveFromEventList
 .text.vTaskSetTimeOutState
                0x00000b88       0x30 ./Generated_Code/tasks.o
                0x00000b88                vTaskSetTimeOutState
 .text.xTaskCheckForTimeOut
                0x00000bb8       0x9c ./Generated_Code/tasks.o
                0x00000bb8                xTaskCheckForTimeOut
 .text.vTaskMissedYield
                0x00000c54       0x14 ./Generated_Code/tasks.o
                0x00000c54                vTaskMissedYield
 .text.prvIdleTask
                0x00000c68       0x24 ./Generated_Code/tasks.o
 .text.prvInitialiseTCBVariables
                0x00000c8c       0x94 ./Generated_Code/tasks.o
 .text.prvInitialiseTaskLists
                0x00000d20       0x88 ./Generated_Code/tasks.o
 .text.prvCheckTasksWaitingTermination
                0x00000da8       0x74 ./Generated_Code/tasks.o
 .text.prvAddCurrentTaskToDelayedList
                0x00000e1c       0x6c ./Generated_Code/tasks.o
 .text.prvAllocateTCBAndStack
                0x00000e88       0x70 ./Generated_Code/tasks.o
 .text.prvDeleteTCB
                0x00000ef8       0x20 ./Generated_Code/tasks.o
 .text.prvResetNextTaskUnblockTime
                0x00000f18       0x44 ./Generated_Code/tasks.o
 .text.xTaskGetCurrentTaskHandle
                0x00000f5c       0x1c ./Generated_Code/tasks.o
                0x00000f5c                xTaskGetCurrentTaskHandle
 .text.xTaskGetSchedulerState
                0x00000f78       0x38 ./Generated_Code/tasks.o
                0x00000f78                xTaskGetSchedulerState
 .text.vTaskPriorityInherit
                0x00000fb0       0xbc ./Generated_Code/tasks.o
                0x00000fb0                vTaskPriorityInherit
 .text.vTaskPriorityDisinherit
                0x0000106c       0x84 ./Generated_Code/tasks.o
                0x0000106c                vTaskPriorityDisinherit
 .text.xQueueGenericReset
                0x000010f0       0xac ./Generated_Code/queue.o
                0x000010f0                xQueueGenericReset
 .text.xQueueGenericCreate
                0x0000119c       0x80 ./Generated_Code/queue.o
                0x0000119c                xQueueGenericCreate
 .text.xQueueGenericSend
                0x0000121c      0x180 ./Generated_Code/queue.o
                0x0000121c                xQueueGenericSend
 .text.xQueueGenericReceive
                0x0000139c      0x1bc ./Generated_Code/queue.o
                0x0000139c                xQueueGenericReceive
 .text.prvCopyDataToQueue
                0x00001558       0xd4 ./Generated_Code/queue.o
 .text.prvCopyDataFromQueue
                0x0000162c       0x50 ./Generated_Code/queue.o
 .text.prvUnlockQueue
                0x0000167c       0x98 ./Generated_Code/queue.o
 .text.prvIsQueueEmpty
                0x00001714       0x2c ./Generated_Code/queue.o
 .text.prvIsQueueFull
                0x00001740       0x30 ./Generated_Code/queue.o
 .text.pxPortInitialiseStack
                0x00001770       0x50 ./Generated_Code/port.o
                0x00001770                pxPortInitialiseStack
 .text.vPortInitTickTimer
                0x000017c0       0x3c ./Generated_Code/port.o
                0x000017c0                vPortInitTickTimer
 .text.vPortStartTickTimer
                0x000017fc       0x14 ./Generated_Code/port.o
                0x000017fc                vPortStartTickTimer
 .text.vPortStopTickTimer
                0x00001810       0x14 ./Generated_Code/port.o
                0x00001810                vPortStopTickTimer
 .text.xPortStartScheduler
                0x00001824       0x34 ./Generated_Code/port.o
                0x00001824                xPortStartScheduler
 .text.vPortEnterCritical
                0x00001858       0x20 ./Generated_Code/port.o
                0x00001858                vPortEnterCritical
 .text.vPortExitCritical
                0x00001878       0x20 ./Generated_Code/port.o
                0x00001878                vPortExitCritical
 .text.vPortYieldFromISR
                0x00001898       0x1c ./Generated_Code/port.o
                0x00001898                vPortYieldFromISR
 .text.vPortTickHandler
                0x000018b4       0x1c ./Generated_Code/port.o
                0x000018b4                vPortTickHandler
 .text.vPortStartFirstTask
                0x000018d0       0x1c ./Generated_Code/port.o
                0x000018d0                vPortStartFirstTask
 .text.vPortSVCHandler
                0x000018ec       0x28 ./Generated_Code/port.o
                0x000018ec                vPortSVCHandler
 .text.vPortPendSVHandler
                0x00001914       0x44 ./Generated_Code/port.o
                0x00001914                vPortPendSVHandler
 .text.vListInitialise
                0x00001958       0x3c ./Generated_Code/list.o
                0x00001958                vListInitialise
 .text.vListInitialiseItem
                0x00001994       0x14 ./Generated_Code/list.o
                0x00001994                vListInitialiseItem
 .text.vListInsertEnd
                0x000019a8       0x44 ./Generated_Code/list.o
                0x000019a8                vListInsertEnd
 .text.vListInsert
                0x000019ec       0x6c ./Generated_Code/list.o
                0x000019ec                vListInsert
 .text.uxListRemove
                0x00001a58       0x50 ./Generated_Code/list.o
                0x00001a58                uxListRemove
 .text.pvPortMalloc
                0x00001aa8      0x12c ./Generated_Code/heap_2.o
                0x00001aa8                pvPortMalloc
 .text.vPortFree
                0x00001bd4       0x78 ./Generated_Code/heap_2.o
                0x00001bd4                vPortFree
 .text.prvHeapInit
                0x00001c4c       0x4c ./Generated_Code/heap_2.o
 .text.Wait_Wait10Cycles
                0x00001c98        0x8 ./Generated_Code/Wait.o
                0x00001c98                Wait_Wait10Cycles
 .text.Wait_Wait100Cycles
                0x00001ca0       0x18 ./Generated_Code/Wait.o
                0x00001ca0                Wait_Wait100Cycles
 .text.Wait_WaitCycles
                0x00001cb8       0x44 ./Generated_Code/Wait.o
                0x00001cb8                Wait_WaitCycles
 .text.TriggerTop_Init
                0x00001cfc       0x68 ./Generated_Code/TriggerTop.o
                0x00001cfc                TriggerTop_Init
 .text.TriggerTop_ClrVal
                0x00001d64       0x1c ./Generated_Code/TriggerTop.o
                0x00001d64                TriggerTop_ClrVal
 .text.TriggerTop_SetVal
                0x00001d80       0x1c ./Generated_Code/TriggerTop.o
                0x00001d80                TriggerTop_SetVal
 .text.TriggerRight_Init
                0x00001d9c       0x60 ./Generated_Code/TriggerRight.o
                0x00001d9c                TriggerRight_Init
 .text.TriggerRight_ClrVal
                0x00001dfc       0x18 ./Generated_Code/TriggerRight.o
                0x00001dfc                TriggerRight_ClrVal
 .text.TriggerRight_SetVal
                0x00001e14       0x18 ./Generated_Code/TriggerRight.o
                0x00001e14                TriggerRight_SetVal
 .text.TriggerLeft_Init
                0x00001e2c       0x60 ./Generated_Code/TriggerLeft.o
                0x00001e2c                TriggerLeft_Init
 .text.TriggerLeft_ClrVal
                0x00001e8c       0x18 ./Generated_Code/TriggerLeft.o
                0x00001e8c                TriggerLeft_ClrVal
 .text.TriggerLeft_SetVal
                0x00001ea4       0x18 ./Generated_Code/TriggerLeft.o
                0x00001ea4                TriggerLeft_SetVal
 .text.TU2_Init
                0x00001ebc      0x120 ./Generated_Code/TU2.o
                0x00001ebc                TU2_Init
 .text.TU2_GetPeriodTicks
                0x00001fdc       0x3c ./Generated_Code/TU2.o
                0x00001fdc                TU2_GetPeriodTicks
 .text.TU2_SetOffsetTicks
                0x00002018       0x58 ./Generated_Code/TU2.o
                0x00002018                TU2_SetOffsetTicks
 .text.TU2_Interrupt
                0x00002070      0x100 ./Generated_Code/TU2.o
                0x00002070                TU2_Interrupt
 .text.TU1_Init
                0x00002170      0x124 ./Generated_Code/TU1.o
                0x00002170                TU1_Init
 .text.TU1_GetPeriodTicks
                0x00002294       0x3c ./Generated_Code/TU1.o
                0x00002294                TU1_GetPeriodTicks
 .text.TU1_SetOffsetTicks
                0x000022d0       0x58 ./Generated_Code/TU1.o
                0x000022d0                TU1_SetOffsetTicks
 .text.TU1_Interrupt
                0x00002328      0x100 ./Generated_Code/TU1.o
                0x00002328                TU1_Interrupt
 .text.RBT1_ParseCommand
                0x00002428      0x114 ./Generated_Code/RBT1.o
 .text.RBT1_ParseLine
                0x0000253c       0x8c ./Generated_Code/RBT1.o
 .text.RBT1_SendCharBT
                0x000025c8       0x24 ./Generated_Code/RBT1.o
 .text.RBT1_ReadCharBT
                0x000025ec       0x24 ./Generated_Code/RBT1.o
 .text.RBT1_ReadLine
                0x00002610       0x78 ./Generated_Code/RBT1.o
 .text.RBT1_Run
                0x00002688        0xc ./Generated_Code/RBT1.o
                0x00002688                RBT1_Run
 .text.RBT1_BatteryTask
                0x00002694      0x134 ./Generated_Code/RBT1.o
 .text.RBT1_ReceiveTask
                0x000027c8       0x2c ./Generated_Code/RBT1.o
 .text.RBT1_CreateAppTasks
                0x000027f4       0x74 ./Generated_Code/RBT1.o
 .text.RBT1_Init
                0x00002868       0x7c ./Generated_Code/RBT1.o
                0x00002868                RBT1_Init
 .text.EventEchoCapture
                0x000028e4       0x58 ./Generated_Code/RBT1.o
                0x000028e4                EventEchoCapture
 .text.MeasureMicros
                0x0000293c       0xdc ./Generated_Code/RBT1.o
 .text.calculateAirspeed
                0x00002a18       0x48 ./Generated_Code/RBT1.o
 .text.MeasureMillimeters
                0x00002a60       0x3c ./Generated_Code/RBT1.o
 .text.PwmLdd4_Init
                0x00002a9c       0x58 ./Generated_Code/PwmLdd4.o
                0x00002a9c                PwmLdd4_Init
 .text.PwmLdd4_SetRatio8
                0x00002af4       0x34 ./Generated_Code/PwmLdd4.o
                0x00002af4                PwmLdd4_SetRatio8
 .text.TU2_OnCounterRestart1
                0x00002b28       0x24 ./Generated_Code/PwmLdd4.o
                0x00002b28                TU2_OnCounterRestart1
 .text.SetRatio
                0x00002b4c       0x68 ./Generated_Code/PwmLdd4.o
 .text.PwmLdd3_Init
                0x00002bb4       0x58 ./Generated_Code/PwmLdd3.o
                0x00002bb4                PwmLdd3_Init
 .text.PwmLdd3_SetRatio8
                0x00002c0c       0x34 ./Generated_Code/PwmLdd3.o
                0x00002c0c                PwmLdd3_SetRatio8
 .text.TU1_OnCounterRestart1
                0x00002c40       0x24 ./Generated_Code/PwmLdd3.o
                0x00002c40                TU1_OnCounterRestart1
 .text.SetRatio
                0x00002c64       0x68 ./Generated_Code/PwmLdd3.o
 .text.PwmLdd2_Init
                0x00002ccc       0x58 ./Generated_Code/PwmLdd2.o
                0x00002ccc                PwmLdd2_Init
 .text.PwmLdd2_SetRatio8
                0x00002d24       0x34 ./Generated_Code/PwmLdd2.o
                0x00002d24                PwmLdd2_SetRatio8
 .text.TU2_OnCounterRestart0
                0x00002d58       0x24 ./Generated_Code/PwmLdd2.o
                0x00002d58                TU2_OnCounterRestart0
 .text.SetRatio
                0x00002d7c       0x68 ./Generated_Code/PwmLdd2.o
 .text.PwmLdd1_Init
                0x00002de4       0x58 ./Generated_Code/PwmLdd1.o
                0x00002de4                PwmLdd1_Init
 .text.PwmLdd1_SetRatio8
                0x00002e3c       0x34 ./Generated_Code/PwmLdd1.o
                0x00002e3c                PwmLdd1_SetRatio8
 .text.TU1_OnCounterRestart0
                0x00002e70       0x24 ./Generated_Code/PwmLdd1.o
                0x00002e70                TU1_OnCounterRestart0
 .text.SetRatio
                0x00002e94       0x68 ./Generated_Code/PwmLdd1.o
 .text.PwmLdd4_OnEnd
                0x00002efc       0x14 ./Generated_Code/IN4.o
                0x00002efc                PwmLdd4_OnEnd
 .text.PwmLdd2_OnEnd
                0x00002f10       0x14 ./Generated_Code/IN3.o
                0x00002f10                PwmLdd2_OnEnd
 .text.PwmLdd3_OnEnd
                0x00002f24       0x14 ./Generated_Code/IN2.o
                0x00002f24                PwmLdd3_OnEnd
 .text.PwmLdd1_OnEnd
                0x00002f38       0x14 ./Generated_Code/IN1.o
                0x00002f38                PwmLdd1_OnEnd
 .text.EchoTop_Init
                0x00002f4c      0x11c ./Generated_Code/EchoTop.o
                0x00002f4c                EchoTop_Init
 .text.EchoTop_ResetCounter
                0x00003068       0x1c ./Generated_Code/EchoTop.o
                0x00003068                EchoTop_ResetCounter
 .text.EchoTop_GetCaptureValue
                0x00003084       0x64 ./Generated_Code/EchoTop.o
                0x00003084                EchoTop_GetCaptureValue
 .text.EchoTop_Interrupt
                0x000030e8      0x11c ./Generated_Code/EchoTop.o
                0x000030e8                EchoTop_Interrupt
 .text.Cpu_INT_NMIInterrupt
                0x00003204        0xc ./Generated_Code/Cpu.o
                0x00003204                Cpu_INT_NMIInterrupt
 .text.Cpu_Interrupt
                0x00003210        0xc ./Generated_Code/Cpu.o
                0x00003210                Cpu_Interrupt
 .text.TU1_OnCounterRestart
                0x0000321c       0x20 ./Generated_Code/Cpu.o
                0x0000321c                TU1_OnCounterRestart
 .text.TU2_OnCounterRestart
                0x0000323c       0x20 ./Generated_Code/Cpu.o
                0x0000323c                TU2_OnCounterRestart
 .text.__init_hardware
                0x0000325c      0x118 ./Generated_Code/Cpu.o
                0x0000325c                __init_hardware
 .text.PE_low_level_init
                0x00003374       0xfc ./Generated_Code/Cpu.o
                0x00003374                PE_low_level_init
 .text.HWEnDi   0x00003470       0x20 ./Generated_Code/BlueSerial.o
 .text.BlueSerial_RecvChar
                0x00003490       0x8c ./Generated_Code/BlueSerial.o
                0x00003490                BlueSerial_RecvChar
 .text.BlueSerial_SendChar
                0x0000351c       0x68 ./Generated_Code/BlueSerial.o
                0x0000351c                BlueSerial_SendChar
 .text.BlueSerial_GetCharsInRxBuf
                0x00003584       0x24 ./Generated_Code/BlueSerial.o
                0x00003584                BlueSerial_GetCharsInRxBuf
 .text.BlueSerial_Init
                0x000035a8       0x28 ./Generated_Code/BlueSerial.o
                0x000035a8                BlueSerial_Init
 .text.ASerialLdd1_OnBreak
                0x000035d0       0x20 ./Generated_Code/BlueSerial.o
                0x000035d0                ASerialLdd1_OnBreak
 .text.BitIoLdd1_Init
                0x000035f0       0x68 ./Generated_Code/BitIoLdd1.o
                0x000035f0                BitIoLdd1_Init
 .text.BitIoLdd1_SetVal
                0x00003658       0x1c ./Generated_Code/BitIoLdd1.o
                0x00003658                BitIoLdd1_SetVal
 .text.ASerialLdd1_Init
                0x00003674      0x114 ./Generated_Code/ASerialLdd1.o
                0x00003674                ASerialLdd1_Init
 .text.ASerialLdd1_ReceiveBlock
                0x00003788       0x48 ./Generated_Code/ASerialLdd1.o
                0x00003788                ASerialLdd1_ReceiveBlock
 .text.ASerialLdd1_SendBlock
                0x000037d0       0x58 ./Generated_Code/ASerialLdd1.o
                0x000037d0                ASerialLdd1_SendBlock
 .text.ASerialLdd1_GetReceivedDataNum
                0x00003828       0x18 ./Generated_Code/ASerialLdd1.o
                0x00003828                ASerialLdd1_GetReceivedDataNum
 .text.InterruptRx
                0x00003840       0x50 ./Generated_Code/ASerialLdd1.o
 .text.InterruptTx
                0x00003890       0x5c ./Generated_Code/ASerialLdd1.o
 .text.ASerialLdd1_Main
                0x000038ec       0xe4 ./Generated_Code/ASerialLdd1.o
                0x000038ec                ASerialLdd1_Main
 .text.ASerialLdd1_GetError
                0x000039d0       0x28 ./Generated_Code/ASerialLdd1.o
                0x000039d0                ASerialLdd1_GetError
 .text.zero_fill_bss
                0x000039f8       0x24 ./Project_Settings/Startup_Code/__arm_start.o
 .text.__thumb_startup
                0x00003a1c       0x2c ./Project_Settings/Startup_Code/__arm_start.o
                0x00003a1c                __thumb_startup
 .text._ExitProcess
                0x00003a48        0xc ./Project_Settings/Startup_Code/__arm_end.o
                0x00003a48                _ExitProcess
 .text.main     0x00003a54       0x18 ./Sources/ProcessorExpert.o
                0x00003a54                main
 .text.Cpu_OnNMIINT
                0x00003a6c        0x8 ./Sources/Events.o
                0x00003a6c                Cpu_OnNMIINT
 .text.OS_vApplicationStackOverflowHook
                0x00003a74       0x10 ./Sources/Events.o
                0x00003a74                OS_vApplicationStackOverflowHook
 .text.OS_vApplicationTickHook
                0x00003a84        0x8 ./Sources/Events.o
                0x00003a84                OS_vApplicationTickHook
 .text.OS_vApplicationIdleHook
                0x00003a8c        0x8 ./Sources/Events.o
                0x00003a8c                OS_vApplicationIdleHook
 .text.OS_vApplicationMallocFailedHook
                0x00003a94        0x8 ./Sources/Events.o
                0x00003a94                OS_vApplicationMallocFailedHook
 .text.EchoTop_OnChannel0
                0x00003a9c       0x18 ./Sources/Events.o
                0x00003a9c                EchoTop_OnChannel0
 .text.IN1_OnEnd
                0x00003ab4        0x8 ./Sources/Events.o
                0x00003ab4                IN1_OnEnd
 .text.TU1_OnChannel0
                0x00003abc       0x10 ./Sources/Events.o
                0x00003abc                TU1_OnChannel0
 .text.TU2_OnChannel0
                0x00003acc       0x10 ./Sources/Events.o
                0x00003acc                TU2_OnChannel0
 .text.IN3_OnEnd
                0x00003adc        0x8 ./Sources/Events.o
                0x00003adc                IN3_OnEnd
 .text.IN2_OnEnd
                0x00003ae4        0x8 ./Sources/Events.o
                0x00003ae4                IN2_OnEnd
 .text.TU2_OnChannel1
                0x00003aec       0x10 ./Sources/Events.o
                0x00003aec                TU2_OnChannel1
 .text.TU1_OnChannel1
                0x00003afc       0x10 ./Sources/Events.o
                0x00003afc                TU1_OnChannel1
 .text.IN4_OnEnd
                0x00003b0c        0x8 ./Sources/Events.o
                0x00003b0c                IN4_OnEnd
 .text.EchoTop_OnChannel1
                0x00003b14       0x18 ./Sources/Events.o
                0x00003b14                EchoTop_OnChannel1
 .text.EchoTop_OnChannel2
                0x00003b2c       0x18 ./Sources/Events.o
                0x00003b2c                EchoTop_OnChannel2
 .text.exit     0x00003b44       0x38 C:/Freescale/CW MCU v10.5/MCU/ARM_GCC_Support/ewl/lib/armv6-m\libc.a(exit.o)
                0x00003b44                exit
 .text.memcpy   0x00003b7c       0x12 C:/Freescale/CW MCU v10.5/MCU/ARM_GCC_Support/ewl/lib/armv6-m\libc.a(memcpy.o)
                0x00003b7c                memcpy
 .text.memset   0x00003b8e        0xc C:/Freescale/CW MCU v10.5/MCU/ARM_GCC_Support/ewl/lib/armv6-m\libc.a(memset.o)
                0x00003b8e                memset
 .text.strchr   0x00003b9a       0x1e C:/Freescale/CW MCU v10.5/MCU/ARM_GCC_Support/ewl/lib/armv6-m\libc.a(strchr.o)
                0x00003b9a                strchr
 .text.strlen   0x00003bb8       0x10 C:/Freescale/CW MCU v10.5/MCU/ARM_GCC_Support/ewl/lib/armv6-m\libc.a(strlen.o)
                0x00003bb8                strlen
 .text.long2str.isra.0
                0x00003bc8      0x19c C:/Freescale/CW MCU v10.5/MCU/ARM_GCC_Support/ewl/lib/armv6-m\libc.a(printformat_.o)
 .text.__pformatter_
                0x00003d64      0x428 C:/Freescale/CW MCU v10.5/MCU/ARM_GCC_Support/ewl/lib/armv6-m\libc.a(printformat_.o)
                0x00003d64                __pformatter_
 .text.__sformatter
                0x0000418c      0x698 C:/Freescale/CW MCU v10.5/MCU/ARM_GCC_Support/ewl/lib/armv6-m\libc.a(scanformat_.o)
                0x0000418c                __sformatter
 .text.isalpha  0x00004824       0x20 C:/Freescale/CW MCU v10.5/MCU/ARM_GCC_Support/ewl/lib/armv6-m\libc.a(ctype_aeabi.o)
                0x00004824                isalpha
 .text.isspace  0x00004844       0x20 C:/Freescale/CW MCU v10.5/MCU/ARM_GCC_Support/ewl/lib/armv6-m\libc.a(ctype_aeabi.o)
                0x00004844                isspace
 .text.toupper  0x00004864        0xe C:/Freescale/CW MCU v10.5/MCU/ARM_GCC_Support/ewl/lib/armv6-m\libc.a(ctype_aeabi.o)
                0x00004864                toupper
 .text.__strtoul
                0x00004872      0x1ce C:/Freescale/CW MCU v10.5/MCU/ARM_GCC_Support/ewl/lib/armv6-m\libc.a(__strtoul.o)
                0x00004872                __strtoul
 .text.__fill_mem
                0x00004a40       0x7e C:/Freescale/CW MCU v10.5/MCU/ARM_GCC_Support/ewl/lib/armv6-m\libc.a(__filll_mem.o)
                0x00004a40                __fill_mem
 .text.memchr   0x00004abe       0x1a C:/Freescale/CW MCU v10.5/MCU/ARM_GCC_Support/ewl/lib/armv6-m\libc.a(memchr.o)
                0x00004abe                memchr
 .text.__init_cpp
                0x00004ad8       0x48 C:/Freescale/CW MCU v10.5/MCU/ARM_GCC_Support/ewl/lib/armv6-m\librt.a(gcc_ctor_dtor.o)
                0x00004ad8                __init_cpp
 .text.__fini_cpp
                0x00004b20       0x34 C:/Freescale/CW MCU v10.5/MCU/ARM_GCC_Support/ewl/lib/armv6-m\librt.a(gcc_ctor_dtor.o)
                0x00004b20                __fini_cpp
 .text.__destroy_global_chain
                0x00004b54       0x1c C:/Freescale/CW MCU v10.5/MCU/ARM_GCC_Support/ewl/lib/armv6-m\librt.a(__arm_eabi_init.o)
                0x00004b54                __destroy_global_chain
 .text.__init_registers
                0x00004b70       0x1c C:/Freescale/CW MCU v10.5/MCU/ARM_GCC_Support/ewl/lib/armv6-m\librt.a(__arm_eabi_init.o)
                0x00004b70                __init_registers
 .text.__init_user
                0x00004b8c        0x4 C:/Freescale/CW MCU v10.5/MCU/ARM_GCC_Support/ewl/lib/armv6-m\librt.a(__arm_eabi_init.o)
                0x00004b8c                __init_user
 *(.rodata)
 .rodata        0x00004b90        0x8 ./Generated_Code/tasks.o
 .rodata        0x00004b98       0x10 ./Generated_Code/RBT1.o
 *(.rodata*)
 .rodata.heapSTRUCT_SIZE
                0x00004ba8        0x2 ./Generated_Code/heap_2.o
 *fill*         0x00004baa        0x2 00
 .rodata.ChannelDevice
                0x00004bac        0x4 ./Generated_Code/TU2.o
 .rodata.ChannelMode
                0x00004bb0        0x4 ./Generated_Code/TU2.o
 .rodata.ChannelDevice
                0x00004bb4        0x4 ./Generated_Code/TU1.o
 .rodata.ChannelMode
                0x00004bb8        0x4 ./Generated_Code/TU1.o
 .rodata.BTstdio.6635
                0x00004bbc        0x8 ./Generated_Code/RBT1.o
 .rodata.ChannelDevice
                0x00004bc4        0x4 ./Generated_Code/EchoTop.o
 .rodata.ChannelMode
                0x00004bc8        0x4 ./Generated_Code/EchoTop.o
 .rodata.str1.1
                0x00004bcc        0x1 C:/Freescale/CW MCU v10.5/MCU/ARM_GCC_Support/ewl/lib/armv6-m\libc.a(printformat_.o)
 .rodata.CSWTCH.20
                0x00004bcd        0x5 C:/Freescale/CW MCU v10.5/MCU/ARM_GCC_Support/ewl/lib/armv6-m\libc.a(printformat_.o)
 .rodata.CSWTCH.21
                0x00004bd2        0x5 C:/Freescale/CW MCU v10.5/MCU/ARM_GCC_Support/ewl/lib/armv6-m\libc.a(printformat_.o)
 .rodata.__aeabi_ctype_table_C
                0x00004bd7      0x101 C:/Freescale/CW MCU v10.5/MCU/ARM_GCC_Support/ewl/lib/armv6-m\libc.a(ctype_aeabi.o)
                0x00004bd7                __aeabi_ctype_table_C
 *(.glue_7)
 .glue_7        0x00000000        0x0 linker stubs
 *(.glue_7t)
 .glue_7t       0x00000000        0x0 linker stubs
 *(.eh_frame)
 *(.init)
 *(.fini)
                0x00004cd8                . = ALIGN (0x4)
                0x00004cd8                _etext = .

.vfp11_veneer   0x00004cd8        0x0
 .vfp11_veneer  0x00000000        0x0 linker stubs

.v4_bx          0x00004cd8        0x0
 .v4_bx         0x00000000        0x0 linker stubs

.iplt           0x00004cd8        0x0
 .iplt          0x00000000        0x0 ./Generated_Code/timers.o

.rel.dyn        0x00004cd8        0x0
 .rel.iplt      0x00000000        0x0 ./Generated_Code/timers.o

.ARM.extab
 *(.ARM.extab* .gnu.linkonce.armextab.*)

.ARM            0x00004cd8        0x0
                0x00004cd8                __exidx_start = .
 *(.ARM.exidx*)
                0x00004cd8                __exidx_end = .

.ctors          0x00004cd8        0x0
                0x00004cd8                __CTOR_LIST__ = .
 *crtbegin.o(.ctors)
 *(EXCLUDE_FILE(*crtend.o) .ctors)
 *(SORT(.ctors.*))
 *(.ctors)
                0x00004cd8                __CTOR_END__ = .

.dtors          0x00004cd8        0x0
                0x00004cd8                __DTOR_LIST__ = .
 *crtbegin.o(.dtors)
 *(EXCLUDE_FILE(*crtend.o) .dtors)
 *(SORT(.dtors.*))
 *(.dtors)
                0x00004cd8                __DTOR_END__ = .

.preinit_array  0x00004cd8        0x0
                0x00004cd8                PROVIDE (__preinit_array_start, .)
 *(.preinit_array*)
                0x00004cd8                PROVIDE (__preinit_array_end, .)

.init_array     0x00004cd8        0x0
                0x00004cd8                PROVIDE (__init_array_start, .)
 *(SORT(.init_array.*))
 *(.init_array*)
                0x00004cd8                PROVIDE (__init_array_end, .)

.fini_array     0x00004cd8        0x0
                0x00004cd8                PROVIDE (__fini_array_start, .)
 *(SORT(.fini_array.*))
 *(.fini_array*)
                0x00004cd8                PROVIDE (__fini_array_end, .)
                0x00004cd8                ___ROM_AT = .

.mtb            0x1fffe000        0x0
                0x1fffe000                . = ALIGN (0x8)
                0x1fffe000                _mtb_start = .
 *(.mtb_buf)
                0x1fffe000                . = ALIGN (0x8)
                0x1fffe000                _mtb_end = .

.data           0x1fffe000        0xc load address 0x00004cd8
                0x1fffe000                . = ALIGN (0x4)
                0x1fffe000                _sdata = .
 *(.data)
 *(.data*)
 .data.xNextTaskUnblockTime
                0x1fffe000        0x4 ./Generated_Code/tasks.o
 .data.uxCriticalNesting
                0x1fffe004        0x4 ./Generated_Code/port.o
 .data.xFreeBytesRemaining
                0x1fffe008        0x4 ./Generated_Code/heap_2.o
                0x1fffe00c                . = ALIGN (0x4)
                0x1fffe00c                _edata = .
                0x0000000c                ___data_size = (_edata - _sdata)

.igot.plt       0x1fffe00c        0x0 load address 0x00004ce4
 .igot.plt      0x00000000        0x0 ./Generated_Code/timers.o
                0x1fffe00c                . = ALIGN (0x4)

.bss            0x1fffe00c     0x11d4 load address 0x00004ce4
                0x1fffe00c                __START_BSS = .
                0x1fffe00c                PROVIDE (__bss_start__, __START_BSS)
 *(.bss)
 *(.bss*)
 .bss.pxCurrentTCB
                0x1fffe00c        0x4 ./Generated_Code/tasks.o
                0x1fffe00c                pxCurrentTCB
 .bss.pxReadyTasksLists
                0x1fffe010       0x3c ./Generated_Code/tasks.o
 .bss.xDelayedTaskList1
                0x1fffe04c       0x14 ./Generated_Code/tasks.o
 .bss.xDelayedTaskList2
                0x1fffe060       0x14 ./Generated_Code/tasks.o
 .bss.pxDelayedTaskList
                0x1fffe074        0x4 ./Generated_Code/tasks.o
 .bss.pxOverflowDelayedTaskList
                0x1fffe078        0x4 ./Generated_Code/tasks.o
 .bss.xPendingReadyList
                0x1fffe07c       0x14 ./Generated_Code/tasks.o
 .bss.xTasksWaitingTermination
                0x1fffe090       0x14 ./Generated_Code/tasks.o
 .bss.uxTasksDeleted
                0x1fffe0a4        0x4 ./Generated_Code/tasks.o
 .bss.xSuspendedTaskList
                0x1fffe0a8       0x14 ./Generated_Code/tasks.o
 .bss.uxCurrentNumberOfTasks
                0x1fffe0bc        0x4 ./Generated_Code/tasks.o
 .bss.xTickCount
                0x1fffe0c0        0x4 ./Generated_Code/tasks.o
 .bss.uxTopReadyPriority
                0x1fffe0c4        0x4 ./Generated_Code/tasks.o
 .bss.xSchedulerRunning
                0x1fffe0c8        0x4 ./Generated_Code/tasks.o
 .bss.uxPendedTicks
                0x1fffe0cc        0x4 ./Generated_Code/tasks.o
 .bss.xYieldPending
                0x1fffe0d0        0x4 ./Generated_Code/tasks.o
 .bss.xNumOfOverflows
                0x1fffe0d4        0x4 ./Generated_Code/tasks.o
 .bss.uxTaskNumber
                0x1fffe0d8        0x4 ./Generated_Code/tasks.o
 .bss.uxSchedulerSuspended
                0x1fffe0dc        0x4 ./Generated_Code/tasks.o
 .bss.ucHeap    0x1fffe0e0     0x1000 ./Generated_Code/heap_2.o
 .bss.xStart    0x1ffff0e0        0x8 ./Generated_Code/heap_2.o
 .bss.xEnd      0x1ffff0e8        0x8 ./Generated_Code/heap_2.o
 .bss.xHeapHasBeenInitialised.6782
                0x1ffff0f0        0x4 ./Generated_Code/heap_2.o
 .bss.DeviceDataPrv__DEFAULT_RTOS_ALLOC
                0x1ffff0f4        0x4 ./Generated_Code/TriggerTop.o
 .bss.DeviceDataPrv__DEFAULT_RTOS_ALLOC
                0x1ffff0f8        0x4 ./Generated_Code/TriggerRight.o
 .bss.DeviceDataPrv__DEFAULT_RTOS_ALLOC
                0x1ffff0fc        0x4 ./Generated_Code/TriggerLeft.o
 .bss.DeviceDataPrv__DEFAULT_RTOS_ALLOC
                0x1ffff100        0xc ./Generated_Code/TU2.o
 .bss.INT_TPM2__BAREBOARD_RTOS_ISRPARAM
                0x1ffff10c        0x4 ./Generated_Code/TU2.o
 .bss.DeviceDataPrv__DEFAULT_RTOS_ALLOC
                0x1ffff110        0xc ./Generated_Code/TU1.o
 .bss.INT_TPM1__BAREBOARD_RTOS_ISRPARAM
                0x1ffff11c        0x4 ./Generated_Code/TU1.o
 .bss.usDevice  0x1ffff120       0x14 ./Generated_Code/RBT1.o
 .bss.DeviceDataPrv__DEFAULT_RTOS_ALLOC
                0x1ffff134        0xc ./Generated_Code/PwmLdd4.o
 .bss.DeviceDataPrv__DEFAULT_RTOS_ALLOC
                0x1ffff140        0xc ./Generated_Code/PwmLdd3.o
 .bss.DeviceDataPrv__DEFAULT_RTOS_ALLOC
                0x1ffff14c        0xc ./Generated_Code/PwmLdd2.o
 .bss.DeviceDataPrv__DEFAULT_RTOS_ALLOC
                0x1ffff158        0xc ./Generated_Code/PwmLdd1.o
 .bss.PE_LDD_DeviceDataList
                0x1ffff164       0x30 ./Generated_Code/PE_LDD.o
                0x1ffff164                PE_LDD_DeviceDataList
 .bss.DeviceDataPrv__DEFAULT_RTOS_ALLOC
                0x1ffff194        0x8 ./Generated_Code/EchoTop.o
 .bss.INT_TPM0__BAREBOARD_RTOS_ISRPARAM
                0x1ffff19c        0x4 ./Generated_Code/EchoTop.o
 .bss.SerFlag   0x1ffff1a0        0x2 ./Generated_Code/BlueSerial.o
 .bss.BufferRead
                0x1ffff1a2        0x1 ./Generated_Code/BlueSerial.o
 .bss.OutBuffer
                0x1ffff1a3        0x1 ./Generated_Code/BlueSerial.o
 .bss.DeviceDataPrv__DEFAULT_RTOS_ALLOC
                0x1ffff1a4        0x4 ./Generated_Code/BitIoLdd1.o
 .bss.DeviceDataPrv__DEFAULT_RTOS_ALLOC
                0x1ffff1a8       0x20 ./Generated_Code/ASerialLdd1.o
 .bss.argv      0x1ffff1c8        0x4 ./Project_Settings/Startup_Code/__arm_start.o
 .bss.__stdio_exit
                0x1ffff1cc        0x4 C:/Freescale/CW MCU v10.5/MCU/ARM_GCC_Support/ewl/lib/armv6-m\libc.a(exit.o)
                0x1ffff1cc                __stdio_exit
 .bss.__console_exit
                0x1ffff1d0        0x4 C:/Freescale/CW MCU v10.5/MCU/ARM_GCC_Support/ewl/lib/armv6-m\libc.a(exit.o)
                0x1ffff1d0                __console_exit
 .bss.__global_destructor_chain
                0x1ffff1d4        0x4 C:/Freescale/CW MCU v10.5/MCU/ARM_GCC_Support/ewl/lib/armv6-m\librt.a(__arm_eabi_init.o)
                0x1ffff1d4                __global_destructor_chain
 *(COMMON)
 COMMON         0x1ffff1d8        0x4 ./Generated_Code/RBT1.o
                0x1ffff1d8                xSemaphore
 COMMON         0x1ffff1dc        0x4 ./Generated_Code/BlueSerial.o
                0x1ffff1dc                ASerialLdd1_DeviceDataPtr
                0x1ffff1e0                . = ALIGN (0x4)
                0x1ffff1e0                __END_BSS = .
                0x1ffff1e0                PROVIDE (__bss_end__, __END_BSS)
                0x00004ce4                _romp_at = (___ROM_AT + SIZEOF (.data))

.romp           0x1ffff1e0       0x18 load address 0x00004ce4
                0x00004ce4                __S_romp = _romp_at
                0x1ffff1e0        0x4 LONG 0x4cd8 ___ROM_AT
                0x1ffff1e4        0x4 LONG 0x1fffe000 _sdata
                0x1ffff1e8        0x4 LONG 0xc ___data_size
                0x1ffff1ec        0x4 LONG 0x0
                0x1ffff1f0        0x4 LONG 0x0
                0x1ffff1f4        0x4 LONG 0x0

._user_heap_stack
                0x1ffff1f8      0x400 load address 0x00004cfc
                0x1ffff1f8                . = ALIGN (0x4)
                0x1ffff1f8                PROVIDE (end, .)
                0x1ffff1f8                PROVIDE (_end, .)
                0x1ffff1f8                __heap_addr = .
                0x1ffff1f8                . = (. + __heap_size)
                0x1ffff5f8                . = (. + __stack_size)
 *fill*         0x1ffff1f8      0x400 00
                0x1ffff5f8                . = ALIGN (0x4)

.ARM.attributes
                0x00000000       0x2f
 *(.ARM.attributes)
 .ARM.attributes
                0x00000000       0x31 ./Generated_Code/tasks.o
 .ARM.attributes
                0x00000031       0x31 ./Generated_Code/queue.o
 .ARM.attributes
                0x00000062       0x31 ./Generated_Code/port.o
 .ARM.attributes
                0x00000093       0x31 ./Generated_Code/list.o
 .ARM.attributes
                0x000000c4       0x31 ./Generated_Code/heap_2.o
 .ARM.attributes
                0x000000f5       0x31 ./Generated_Code/Wait.o
 .ARM.attributes
                0x00000126       0x31 ./Generated_Code/Vectors.o
 .ARM.attributes
                0x00000157       0x31 ./Generated_Code/TriggerTop.o
 .ARM.attributes
                0x00000188       0x31 ./Generated_Code/TriggerRight.o
 .ARM.attributes
                0x000001b9       0x31 ./Generated_Code/TriggerLeft.o
 .ARM.attributes
                0x000001ea       0x31 ./Generated_Code/TU2.o
 .ARM.attributes
                0x0000021b       0x31 ./Generated_Code/TU1.o
 .ARM.attributes
                0x0000024c       0x31 ./Generated_Code/RBT1.o
 .ARM.attributes
                0x0000027d       0x31 ./Generated_Code/PwmLdd4.o
 .ARM.attributes
                0x000002ae       0x31 ./Generated_Code/PwmLdd3.o
 .ARM.attributes
                0x000002df       0x31 ./Generated_Code/PwmLdd2.o
 .ARM.attributes
                0x00000310       0x31 ./Generated_Code/PwmLdd1.o
 .ARM.attributes
                0x00000341       0x31 ./Generated_Code/PE_LDD.o
 .ARM.attributes
                0x00000372       0x31 ./Generated_Code/IN4.o
 .ARM.attributes
                0x000003a3       0x31 ./Generated_Code/IN3.o
 .ARM.attributes
                0x000003d4       0x31 ./Generated_Code/IN2.o
 .ARM.attributes
                0x00000405       0x31 ./Generated_Code/IN1.o
 .ARM.attributes
                0x00000436       0x31 ./Generated_Code/EchoTop.o
 .ARM.attributes
                0x00000467       0x31 ./Generated_Code/Cpu.o
 .ARM.attributes
                0x00000498       0x31 ./Generated_Code/BlueSerial.o
 .ARM.attributes
                0x000004c9       0x31 ./Generated_Code/BitIoLdd1.o
 .ARM.attributes
                0x000004fa       0x31 ./Generated_Code/ASerialLdd1.o
 .ARM.attributes
                0x0000052b       0x31 ./Project_Settings/Startup_Code/__arm_start.o
 .ARM.attributes
                0x0000055c       0x31 ./Project_Settings/Startup_Code/__arm_end.o
 .ARM.attributes
                0x0000058d       0x31 ./Sources/ProcessorExpert.o
 .ARM.attributes
                0x000005be       0x31 ./Sources/Events.o
 .ARM.attributes
                0x000005ef       0x31 C:/Freescale/CW MCU v10.5/MCU/ARM_GCC_Support/ewl/lib/armv6-m\libc.a(exit.o)
 .ARM.attributes
                0x00000620       0x31 C:/Freescale/CW MCU v10.5/MCU/ARM_GCC_Support/ewl/lib/armv6-m\libc.a(memcpy.o)
 .ARM.attributes
                0x00000651       0x31 C:/Freescale/CW MCU v10.5/MCU/ARM_GCC_Support/ewl/lib/armv6-m\libc.a(memset.o)
 .ARM.attributes
                0x00000682       0x31 C:/Freescale/CW MCU v10.5/MCU/ARM_GCC_Support/ewl/lib/armv6-m\libc.a(strchr.o)
 .ARM.attributes
                0x000006b3       0x31 C:/Freescale/CW MCU v10.5/MCU/ARM_GCC_Support/ewl/lib/armv6-m\libc.a(strlen.o)
 .ARM.attributes
                0x000006e4       0x31 C:/Freescale/CW MCU v10.5/MCU/ARM_GCC_Support/ewl/lib/armv6-m\libc.a(printformat_.o)
 .ARM.attributes
                0x00000715       0x31 C:/Freescale/CW MCU v10.5/MCU/ARM_GCC_Support/ewl/lib/armv6-m\libc.a(scanformat_.o)
 .ARM.attributes
                0x00000746       0x31 C:/Freescale/CW MCU v10.5/MCU/ARM_GCC_Support/ewl/lib/armv6-m\libc.a(ctype_aeabi.o)
 .ARM.attributes
                0x00000777       0x31 C:/Freescale/CW MCU v10.5/MCU/ARM_GCC_Support/ewl/lib/armv6-m\libc.a(__strtoul.o)
 .ARM.attributes
                0x000007a8       0x31 C:/Freescale/CW MCU v10.5/MCU/ARM_GCC_Support/ewl/lib/armv6-m\libc.a(__filll_mem.o)
 .ARM.attributes
                0x000007d9       0x31 C:/Freescale/CW MCU v10.5/MCU/ARM_GCC_Support/ewl/lib/armv6-m\libc.a(memchr.o)
 .ARM.attributes
                0x0000080a       0x1e c:/freescale/cw mcu v10.5/cross_tools/arm-none-eabi-gcc-4_7_3/bin/../lib/gcc/arm-none-eabi/4.7.3/armv6-m\libgcc.a(_thumb1_case_sqi.o)
 .ARM.attributes
                0x00000828       0x1e c:/freescale/cw mcu v10.5/cross_tools/arm-none-eabi-gcc-4_7_3/bin/../lib/gcc/arm-none-eabi/4.7.3/armv6-m\libgcc.a(_thumb1_case_uqi.o)
 .ARM.attributes
                0x00000846       0x1e c:/freescale/cw mcu v10.5/cross_tools/arm-none-eabi-gcc-4_7_3/bin/../lib/gcc/arm-none-eabi/4.7.3/armv6-m\libgcc.a(_udivsi3.o)
 .ARM.attributes
                0x00000864       0x1e c:/freescale/cw mcu v10.5/cross_tools/arm-none-eabi-gcc-4_7_3/bin/../lib/gcc/arm-none-eabi/4.7.3/armv6-m\libgcc.a(_dvmd_tls.o)
 .ARM.attributes
                0x00000882       0x31 C:/Freescale/CW MCU v10.5/MCU/ARM_GCC_Support/ewl/lib/armv6-m\librt.a(gcc_ctor_dtor.o)
 .ARM.attributes
                0x000008b3       0x31 C:/Freescale/CW MCU v10.5/MCU/ARM_GCC_Support/ewl/lib/armv6-m\librt.a(__arm_eabi_init.o)
OUTPUT(MyRobot.elf elf32-littlearm)

.debug_info     0x00000000     0xa1a2
 .debug_info    0x00000000     0x10fb ./Generated_Code/tasks.o
 .debug_info    0x000010fb      0xa86 ./Generated_Code/queue.o
 .debug_info    0x00001b81      0x280 ./Generated_Code/port.o
 .debug_info    0x00001e01      0x2bf ./Generated_Code/list.o
 .debug_info    0x000020c0      0x3ca ./Generated_Code/heap_2.o
 .debug_info    0x0000248a      0x13c ./Generated_Code/Wait.o
 .debug_info    0x000025c6      0x20b ./Generated_Code/Vectors.o
 .debug_info    0x000027d1      0x3a0 ./Generated_Code/TriggerTop.o
 .debug_info    0x00002b71      0x3a0 ./Generated_Code/TriggerRight.o
 .debug_info    0x00002f11      0x3a0 ./Generated_Code/TriggerLeft.o
 .debug_info    0x000032b1      0x959 ./Generated_Code/TU2.o
 .debug_info    0x00003c0a      0x959 ./Generated_Code/TU1.o
 .debug_info    0x00004563      0x67d ./Generated_Code/RBT1.o
 .debug_info    0x00004be0      0x312 ./Generated_Code/PwmLdd4.o
 .debug_info    0x00004ef2      0x312 ./Generated_Code/PwmLdd3.o
 .debug_info    0x00005204      0x252 ./Generated_Code/PwmLdd2.o
 .debug_info    0x00005456      0x252 ./Generated_Code/PwmLdd1.o
 .debug_info    0x000056a8      0x348 ./Generated_Code/PE_LDD.o
 .debug_info    0x000059f0      0x1b2 ./Generated_Code/IN4.o
 .debug_info    0x00005ba2      0x1b2 ./Generated_Code/IN3.o
 .debug_info    0x00005d54      0x1b2 ./Generated_Code/IN2.o
 .debug_info    0x00005f06      0x1b2 ./Generated_Code/IN1.o
 .debug_info    0x000060b8      0x7ef ./Generated_Code/EchoTop.o
 .debug_info    0x000068a7      0xa5d ./Generated_Code/Cpu.o
 .debug_info    0x00007304      0x222 ./Generated_Code/BlueSerial.o
 .debug_info    0x00007526      0x392 ./Generated_Code/BitIoLdd1.o
 .debug_info    0x000078b8      0x792 ./Generated_Code/ASerialLdd1.o
 .debug_info    0x0000804a      0x11d ./Project_Settings/Startup_Code/__arm_start.o
 .debug_info    0x00008167       0x54 ./Project_Settings/Startup_Code/__arm_end.o
 .debug_info    0x000081bb      0x196 ./Sources/ProcessorExpert.o
 .debug_info    0x00008351      0x3d4 ./Sources/Events.o
 .debug_info    0x00008725       0xe8 C:/Freescale/CW MCU v10.5/MCU/ARM_GCC_Support/ewl/lib/armv6-m\libc.a(exit.o)
 .debug_info    0x0000880d      0x10f C:/Freescale/CW MCU v10.5/MCU/ARM_GCC_Support/ewl/lib/armv6-m\libc.a(memcpy.o)
 .debug_info    0x0000891c       0xec C:/Freescale/CW MCU v10.5/MCU/ARM_GCC_Support/ewl/lib/armv6-m\libc.a(memset.o)
 .debug_info    0x00008a08      0x10b C:/Freescale/CW MCU v10.5/MCU/ARM_GCC_Support/ewl/lib/armv6-m\libc.a(strchr.o)
 .debug_info    0x00008b13       0xea C:/Freescale/CW MCU v10.5/MCU/ARM_GCC_Support/ewl/lib/armv6-m\libc.a(strlen.o)
 .debug_info    0x00008bfd      0x50d C:/Freescale/CW MCU v10.5/MCU/ARM_GCC_Support/ewl/lib/armv6-m\libc.a(printformat_.o)
 .debug_info    0x0000910a      0x568 C:/Freescale/CW MCU v10.5/MCU/ARM_GCC_Support/ewl/lib/armv6-m\libc.a(scanformat_.o)
 .debug_info    0x00009672      0x313 C:/Freescale/CW MCU v10.5/MCU/ARM_GCC_Support/ewl/lib/armv6-m\libc.a(ctype_aeabi.o)
 .debug_info    0x00009985      0x1d6 C:/Freescale/CW MCU v10.5/MCU/ARM_GCC_Support/ewl/lib/armv6-m\libc.a(__strtoul.o)
 .debug_info    0x00009b5b      0x137 C:/Freescale/CW MCU v10.5/MCU/ARM_GCC_Support/ewl/lib/armv6-m\libc.a(__filll_mem.o)
 .debug_info    0x00009c92      0x121 C:/Freescale/CW MCU v10.5/MCU/ARM_GCC_Support/ewl/lib/armv6-m\libc.a(memchr.o)
 .debug_info    0x00009db3      0x136 C:/Freescale/CW MCU v10.5/MCU/ARM_GCC_Support/ewl/lib/armv6-m\librt.a(gcc_ctor_dtor.o)
 .debug_info    0x00009ee9      0x2b9 C:/Freescale/CW MCU v10.5/MCU/ARM_GCC_Support/ewl/lib/armv6-m\librt.a(__arm_eabi_init.o)

.debug_abbrev   0x00000000     0x2d30
 .debug_abbrev  0x00000000      0x1bb ./Generated_Code/tasks.o
 .debug_abbrev  0x000001bb      0x158 ./Generated_Code/queue.o
 .debug_abbrev  0x00000313      0x107 ./Generated_Code/port.o
 .debug_abbrev  0x0000041a       0xb6 ./Generated_Code/list.o
 .debug_abbrev  0x000004d0      0x176 ./Generated_Code/heap_2.o
 .debug_abbrev  0x00000646       0xa3 ./Generated_Code/Wait.o
 .debug_abbrev  0x000006e9       0xda ./Generated_Code/Vectors.o
 .debug_abbrev  0x000007c3      0x12b ./Generated_Code/TriggerTop.o
 .debug_abbrev  0x000008ee      0x12b ./Generated_Code/TriggerRight.o
 .debug_abbrev  0x00000a19      0x12b ./Generated_Code/TriggerLeft.o
 .debug_abbrev  0x00000b44      0x1b1 ./Generated_Code/TU2.o
 .debug_abbrev  0x00000cf5      0x1b1 ./Generated_Code/TU1.o
 .debug_abbrev  0x00000ea6      0x234 ./Generated_Code/RBT1.o
 .debug_abbrev  0x000010da      0x112 ./Generated_Code/PwmLdd4.o
 .debug_abbrev  0x000011ec      0x112 ./Generated_Code/PwmLdd3.o
 .debug_abbrev  0x000012fe       0xe7 ./Generated_Code/PwmLdd2.o
 .debug_abbrev  0x000013e5       0xe7 ./Generated_Code/PwmLdd1.o
 .debug_abbrev  0x000014cc      0x11f ./Generated_Code/PE_LDD.o
 .debug_abbrev  0x000015eb       0xb7 ./Generated_Code/IN4.o
 .debug_abbrev  0x000016a2       0xb7 ./Generated_Code/IN3.o
 .debug_abbrev  0x00001759       0xb7 ./Generated_Code/IN2.o
 .debug_abbrev  0x00001810       0xb7 ./Generated_Code/IN1.o
 .debug_abbrev  0x000018c7      0x195 ./Generated_Code/EchoTop.o
 .debug_abbrev  0x00001a5c      0x17d ./Generated_Code/Cpu.o
 .debug_abbrev  0x00001bd9      0x103 ./Generated_Code/BlueSerial.o
 .debug_abbrev  0x00001cdc      0x11c ./Generated_Code/BitIoLdd1.o
 .debug_abbrev  0x00001df8      0x180 ./Generated_Code/ASerialLdd1.o
 .debug_abbrev  0x00001f78       0x92 ./Project_Settings/Startup_Code/__arm_start.o
 .debug_abbrev  0x0000200a       0x4c ./Project_Settings/Startup_Code/__arm_end.o
 .debug_abbrev  0x00002056       0xa8 ./Sources/ProcessorExpert.o
 .debug_abbrev  0x000020fe      0x124 ./Sources/Events.o
 .debug_abbrev  0x00002222       0x7a C:/Freescale/CW MCU v10.5/MCU/ARM_GCC_Support/ewl/lib/armv6-m\libc.a(exit.o)
 .debug_abbrev  0x0000229c       0x95 C:/Freescale/CW MCU v10.5/MCU/ARM_GCC_Support/ewl/lib/armv6-m\libc.a(memcpy.o)
 .debug_abbrev  0x00002331       0x62 C:/Freescale/CW MCU v10.5/MCU/ARM_GCC_Support/ewl/lib/armv6-m\libc.a(memset.o)
 .debug_abbrev  0x00002393       0x7a C:/Freescale/CW MCU v10.5/MCU/ARM_GCC_Support/ewl/lib/armv6-m\libc.a(strchr.o)
 .debug_abbrev  0x0000240d       0x7a C:/Freescale/CW MCU v10.5/MCU/ARM_GCC_Support/ewl/lib/armv6-m\libc.a(strlen.o)
 .debug_abbrev  0x00002487      0x200 C:/Freescale/CW MCU v10.5/MCU/ARM_GCC_Support/ewl/lib/armv6-m\libc.a(printformat_.o)
 .debug_abbrev  0x00002687      0x1f0 C:/Freescale/CW MCU v10.5/MCU/ARM_GCC_Support/ewl/lib/armv6-m\libc.a(scanformat_.o)
 .debug_abbrev  0x00002877       0x9e C:/Freescale/CW MCU v10.5/MCU/ARM_GCC_Support/ewl/lib/armv6-m\libc.a(ctype_aeabi.o)
 .debug_abbrev  0x00002915       0xc2 C:/Freescale/CW MCU v10.5/MCU/ARM_GCC_Support/ewl/lib/armv6-m\libc.a(__strtoul.o)
 .debug_abbrev  0x000029d7       0x78 C:/Freescale/CW MCU v10.5/MCU/ARM_GCC_Support/ewl/lib/armv6-m\libc.a(__filll_mem.o)
 .debug_abbrev  0x00002a4f       0x95 C:/Freescale/CW MCU v10.5/MCU/ARM_GCC_Support/ewl/lib/armv6-m\libc.a(memchr.o)
 .debug_abbrev  0x00002ae4       0x99 C:/Freescale/CW MCU v10.5/MCU/ARM_GCC_Support/ewl/lib/armv6-m\librt.a(gcc_ctor_dtor.o)
 .debug_abbrev  0x00002b7d      0x1b3 C:/Freescale/CW MCU v10.5/MCU/ARM_GCC_Support/ewl/lib/armv6-m\librt.a(__arm_eabi_init.o)

.debug_loc      0x00000000     0x52c2
 .debug_loc     0x00000000      0x8c8 ./Generated_Code/tasks.o
 .debug_loc     0x000008c8      0x508 ./Generated_Code/queue.o
 .debug_loc     0x00000dd0      0x228 ./Generated_Code/port.o
 .debug_loc     0x00000ff8      0x118 ./Generated_Code/list.o
 .debug_loc     0x00001110      0x100 ./Generated_Code/heap_2.o
 .debug_loc     0x00001210       0xa8 ./Generated_Code/Wait.o
 .debug_loc     0x000012b8      0x118 ./Generated_Code/TriggerTop.o
 .debug_loc     0x000013d0      0x118 ./Generated_Code/TriggerRight.o
 .debug_loc     0x000014e8      0x118 ./Generated_Code/TriggerLeft.o
 .debug_loc     0x00001600      0x1c0 ./Generated_Code/TU2.o
 .debug_loc     0x000017c0      0x1c0 ./Generated_Code/TU1.o
 .debug_loc     0x00001980      0x2f8 ./Generated_Code/RBT1.o
 .debug_loc     0x00001c78      0x150 ./Generated_Code/PwmLdd4.o
 .debug_loc     0x00001dc8      0x150 ./Generated_Code/PwmLdd3.o
 .debug_loc     0x00001f18       0xe0 ./Generated_Code/PwmLdd2.o
 .debug_loc     0x00001ff8       0xe0 ./Generated_Code/PwmLdd1.o
 .debug_loc     0x000020d8       0x9c ./Generated_Code/PE_LDD.o
 .debug_loc     0x00002174       0x38 ./Generated_Code/IN4.o
 .debug_loc     0x000021ac       0x38 ./Generated_Code/IN3.o
 .debug_loc     0x000021e4       0x38 ./Generated_Code/IN2.o
 .debug_loc     0x0000221c       0x38 ./Generated_Code/IN1.o
 .debug_loc     0x00002254       0xe0 ./Generated_Code/EchoTop.o
 .debug_loc     0x00002334      0x120 ./Generated_Code/Cpu.o
 .debug_loc     0x00002454      0x158 ./Generated_Code/BlueSerial.o
 .debug_loc     0x000025ac      0x118 ./Generated_Code/BitIoLdd1.o
 .debug_loc     0x000026c4      0x204 ./Generated_Code/ASerialLdd1.o
 .debug_loc     0x000028c8       0x2c ./Project_Settings/Startup_Code/__arm_start.o
 .debug_loc     0x000028f4       0x38 ./Project_Settings/Startup_Code/__arm_end.o
 .debug_loc     0x0000292c       0x2c ./Sources/ProcessorExpert.o
 .debug_loc     0x00002958      0x358 ./Sources/Events.o
 .debug_loc     0x00002cb0       0x3e C:/Freescale/CW MCU v10.5/MCU/ARM_GCC_Support/ewl/lib/armv6-m\libc.a(exit.o)
 .debug_loc     0x00002cee       0x59 C:/Freescale/CW MCU v10.5/MCU/ARM_GCC_Support/ewl/lib/armv6-m\libc.a(memcpy.o)
 .debug_loc     0x00002d47       0x6f C:/Freescale/CW MCU v10.5/MCU/ARM_GCC_Support/ewl/lib/armv6-m\libc.a(memset.o)
 .debug_loc     0x00002db6       0xaf C:/Freescale/CW MCU v10.5/MCU/ARM_GCC_Support/ewl/lib/armv6-m\libc.a(strchr.o)
 .debug_loc     0x00002e65       0x33 C:/Freescale/CW MCU v10.5/MCU/ARM_GCC_Support/ewl/lib/armv6-m\libc.a(strlen.o)
 .debug_loc     0x00002e98     0x104b C:/Freescale/CW MCU v10.5/MCU/ARM_GCC_Support/ewl/lib/armv6-m\libc.a(printformat_.o)
 .debug_loc     0x00003ee3      0x9d8 C:/Freescale/CW MCU v10.5/MCU/ARM_GCC_Support/ewl/lib/armv6-m\libc.a(scanformat_.o)
 .debug_loc     0x000048bb      0x30d C:/Freescale/CW MCU v10.5/MCU/ARM_GCC_Support/ewl/lib/armv6-m\libc.a(ctype_aeabi.o)
 .debug_loc     0x00004bc8      0x305 C:/Freescale/CW MCU v10.5/MCU/ARM_GCC_Support/ewl/lib/armv6-m\libc.a(__strtoul.o)
 .debug_loc     0x00004ecd      0x14a C:/Freescale/CW MCU v10.5/MCU/ARM_GCC_Support/ewl/lib/armv6-m\libc.a(__filll_mem.o)
 .debug_loc     0x00005017       0x77 C:/Freescale/CW MCU v10.5/MCU/ARM_GCC_Support/ewl/lib/armv6-m\libc.a(memchr.o)
 .debug_loc     0x0000508e       0x9d C:/Freescale/CW MCU v10.5/MCU/ARM_GCC_Support/ewl/lib/armv6-m\librt.a(gcc_ctor_dtor.o)
 .debug_loc     0x0000512b      0x197 C:/Freescale/CW MCU v10.5/MCU/ARM_GCC_Support/ewl/lib/armv6-m\librt.a(__arm_eabi_init.o)

.debug_aranges  0x00000000      0xc08
 .debug_aranges
                0x00000000      0x160 ./Generated_Code/tasks.o
 .debug_aranges
                0x00000160       0xd0 ./Generated_Code/queue.o
 .debug_aranges
                0x00000230       0x88 ./Generated_Code/port.o
 .debug_aranges
                0x000002b8       0x40 ./Generated_Code/list.o
 .debug_aranges
                0x000002f8       0x40 ./Generated_Code/heap_2.o
 .debug_aranges
                0x00000338       0x40 ./Generated_Code/Wait.o
 .debug_aranges
                0x00000378       0x18 ./Generated_Code/Vectors.o
 .debug_aranges
                0x00000390       0x40 ./Generated_Code/TriggerTop.o
 .debug_aranges
                0x000003d0       0x40 ./Generated_Code/TriggerRight.o
 .debug_aranges
                0x00000410       0x40 ./Generated_Code/TriggerLeft.o
 .debug_aranges
                0x00000450       0x58 ./Generated_Code/TU2.o
 .debug_aranges
                0x000004a8       0x58 ./Generated_Code/TU1.o
 .debug_aranges
                0x00000500       0x88 ./Generated_Code/RBT1.o
 .debug_aranges
                0x00000588       0x48 ./Generated_Code/PwmLdd4.o
 .debug_aranges
                0x000005d0       0x48 ./Generated_Code/PwmLdd3.o
 .debug_aranges
                0x00000618       0x38 ./Generated_Code/PwmLdd2.o
 .debug_aranges
                0x00000650       0x38 ./Generated_Code/PwmLdd1.o
 .debug_aranges
                0x00000688       0x30 ./Generated_Code/PE_LDD.o
 .debug_aranges
                0x000006b8       0x20 ./Generated_Code/IN4.o
 .debug_aranges
                0x000006d8       0x20 ./Generated_Code/IN3.o
 .debug_aranges
                0x000006f8       0x20 ./Generated_Code/IN2.o
 .debug_aranges
                0x00000718       0x20 ./Generated_Code/IN1.o
 .debug_aranges
                0x00000738       0x38 ./Generated_Code/EchoTop.o
 .debug_aranges
                0x00000770       0x48 ./Generated_Code/Cpu.o
 .debug_aranges
                0x000007b8       0x50 ./Generated_Code/BlueSerial.o
 .debug_aranges
                0x00000808       0x40 ./Generated_Code/BitIoLdd1.o
 .debug_aranges
                0x00000848       0x60 ./Generated_Code/ASerialLdd1.o
 .debug_aranges
                0x000008a8       0x30 ./Project_Settings/Startup_Code/__arm_start.o
 .debug_aranges
                0x000008d8       0x20 ./Project_Settings/Startup_Code/__arm_end.o
 .debug_aranges
                0x000008f8       0x20 ./Sources/ProcessorExpert.o
 .debug_aranges
                0x00000918       0xa0 ./Sources/Events.o
 .debug_aranges
                0x000009b8       0x20 C:/Freescale/CW MCU v10.5/MCU/ARM_GCC_Support/ewl/lib/armv6-m\libc.a(exit.o)
 .debug_aranges
                0x000009d8       0x20 C:/Freescale/CW MCU v10.5/MCU/ARM_GCC_Support/ewl/lib/armv6-m\libc.a(memcpy.o)
 .debug_aranges
                0x000009f8       0x20 C:/Freescale/CW MCU v10.5/MCU/ARM_GCC_Support/ewl/lib/armv6-m\libc.a(memset.o)
 .debug_aranges
                0x00000a18       0x20 C:/Freescale/CW MCU v10.5/MCU/ARM_GCC_Support/ewl/lib/armv6-m\libc.a(strchr.o)
 .debug_aranges
                0x00000a38       0x20 C:/Freescale/CW MCU v10.5/MCU/ARM_GCC_Support/ewl/lib/armv6-m\libc.a(strlen.o)
 .debug_aranges
                0x00000a58       0x28 C:/Freescale/CW MCU v10.5/MCU/ARM_GCC_Support/ewl/lib/armv6-m\libc.a(printformat_.o)
 .debug_aranges
                0x00000a80       0x20 C:/Freescale/CW MCU v10.5/MCU/ARM_GCC_Support/ewl/lib/armv6-m\libc.a(scanformat_.o)
 .debug_aranges
                0x00000aa0       0x88 C:/Freescale/CW MCU v10.5/MCU/ARM_GCC_Support/ewl/lib/armv6-m\libc.a(ctype_aeabi.o)
 .debug_aranges
                0x00000b28       0x20 C:/Freescale/CW MCU v10.5/MCU/ARM_GCC_Support/ewl/lib/armv6-m\libc.a(__strtoul.o)
 .debug_aranges
                0x00000b48       0x20 C:/Freescale/CW MCU v10.5/MCU/ARM_GCC_Support/ewl/lib/armv6-m\libc.a(__filll_mem.o)
 .debug_aranges
                0x00000b68       0x20 C:/Freescale/CW MCU v10.5/MCU/ARM_GCC_Support/ewl/lib/armv6-m\libc.a(memchr.o)
 .debug_aranges
                0x00000b88       0x28 C:/Freescale/CW MCU v10.5/MCU/ARM_GCC_Support/ewl/lib/armv6-m\librt.a(gcc_ctor_dtor.o)
 .debug_aranges
                0x00000bb0       0x58 C:/Freescale/CW MCU v10.5/MCU/ARM_GCC_Support/ewl/lib/armv6-m\librt.a(__arm_eabi_init.o)

.debug_macinfo  0x00000000   0x712864
 .debug_macinfo
                0x00000000    0x44dca ./Generated_Code/tasks.o
 .debug_macinfo
                0x00044dca     0xeb88 ./Generated_Code/queue.o
 .debug_macinfo
                0x00053952    0x3d7b7 ./Generated_Code/port.o
 .debug_macinfo
                0x00091109     0xde3a ./Generated_Code/list.o
 .debug_macinfo
                0x0009ef43    0x4494b ./Generated_Code/heap_2.o
 .debug_macinfo
                0x000e388e    0x3d1e2 ./Generated_Code/Wait.o
 .debug_macinfo
                0x00120a70    0x4462e ./Generated_Code/Vectors.o
 .debug_macinfo
                0x0016509e    0x3ddd4 ./Generated_Code/TriggerTop.o
 .debug_macinfo
                0x001a2e72    0x3dde6 ./Generated_Code/TriggerRight.o
 .debug_macinfo
                0x001e0c58    0x3dddc ./Generated_Code/TriggerLeft.o
 .debug_macinfo
                0x0021ea34    0x4472a ./Generated_Code/TU2.o
 .debug_macinfo
                0x0026315e    0x4472a ./Generated_Code/TU1.o
 .debug_macinfo
                0x002a7888    0x4429b ./Generated_Code/RBT1.o
 .debug_macinfo
                0x002ebb23    0x3f016 ./Generated_Code/PwmLdd4.o
 .debug_macinfo
                0x0032ab39    0x3f016 ./Generated_Code/PwmLdd3.o
 .debug_macinfo
                0x00369b4f    0x3ef44 ./Generated_Code/PwmLdd2.o
 .debug_macinfo
                0x003a8a93    0x3ef44 ./Generated_Code/PwmLdd1.o
 .debug_macinfo
                0x003e79d7    0x445be ./Generated_Code/PE_LDD.o
 .debug_macinfo
                0x0042bf95    0x4462a ./Generated_Code/IN4.o
 .debug_macinfo
                0x004705bf    0x4462a ./Generated_Code/IN3.o
 .debug_macinfo
                0x004b4be9    0x4462a ./Generated_Code/IN2.o
 .debug_macinfo
                0x004f9213    0x4462a ./Generated_Code/IN1.o
 .debug_macinfo
                0x0053d83d    0x44734 ./Generated_Code/EchoTop.o
 .debug_macinfo
                0x00581f71    0x4462e ./Generated_Code/Cpu.o
 .debug_macinfo
                0x005c659f    0x3a007 ./Generated_Code/BlueSerial.o
 .debug_macinfo
                0x006005a6    0x3de33 ./Generated_Code/BitIoLdd1.o
 .debug_macinfo
                0x0063e3d9    0x4458d ./Generated_Code/ASerialLdd1.o
 .debug_macinfo
                0x00682966     0x3e56 ./Project_Settings/Startup_Code/__arm_start.o
 .debug_macinfo
                0x006867bc     0x3456 ./Project_Settings/Startup_Code/__arm_end.o
 .debug_macinfo
                0x00689c12    0x4462b ./Sources/ProcessorExpert.o
 .debug_macinfo
                0x006ce23d    0x44627 ./Sources/Events.o

.debug_line     0x00000000     0x99f4
 .debug_line    0x00000000      0xad2 ./Generated_Code/tasks.o
 .debug_line    0x00000ad2      0x636 ./Generated_Code/queue.o
 .debug_line    0x00001108      0x3c3 ./Generated_Code/port.o
 .debug_line    0x000014cb      0x2d8 ./Generated_Code/list.o
 .debug_line    0x000017a3      0x598 ./Generated_Code/heap_2.o
 .debug_line    0x00001d3b      0x2e1 ./Generated_Code/Wait.o
 .debug_line    0x0000201c      0x60d ./Generated_Code/Vectors.o
 .debug_line    0x00002629      0x342 ./Generated_Code/TriggerTop.o
 .debug_line    0x0000296b      0x347 ./Generated_Code/TriggerRight.o
 .debug_line    0x00002cb2      0x345 ./Generated_Code/TriggerLeft.o
 .debug_line    0x00002ff7      0x5ff ./Generated_Code/TU2.o
 .debug_line    0x000035f6      0x5ff ./Generated_Code/TU1.o
 .debug_line    0x00003bf5      0x5ba ./Generated_Code/RBT1.o
 .debug_line    0x000041af      0x379 ./Generated_Code/PwmLdd4.o
 .debug_line    0x00004528      0x379 ./Generated_Code/PwmLdd3.o
 .debug_line    0x000048a1      0x345 ./Generated_Code/PwmLdd2.o
 .debug_line    0x00004be6      0x345 ./Generated_Code/PwmLdd1.o
 .debug_line    0x00004f2b      0x4a1 ./Generated_Code/PE_LDD.o
 .debug_line    0x000053cc      0x4cf ./Generated_Code/IN4.o
 .debug_line    0x0000589b      0x4cf ./Generated_Code/IN3.o
 .debug_line    0x00005d6a      0x4cf ./Generated_Code/IN2.o
 .debug_line    0x00006239      0x4cf ./Generated_Code/IN1.o
 .debug_line    0x00006708      0x559 ./Generated_Code/EchoTop.o
 .debug_line    0x00006c61      0x6a1 ./Generated_Code/Cpu.o
 .debug_line    0x00007302      0x267 ./Generated_Code/BlueSerial.o
 .debug_line    0x00007569      0x33e ./Generated_Code/BitIoLdd1.o
 .debug_line    0x000078a7      0x3e6 ./Generated_Code/ASerialLdd1.o
 .debug_line    0x00007c8d      0x28f ./Project_Settings/Startup_Code/__arm_start.o
 .debug_line    0x00007f1c      0x266 ./Project_Settings/Startup_Code/__arm_end.o
 .debug_line    0x00008182      0x4a6 ./Sources/ProcessorExpert.o
 .debug_line    0x00008628      0x5ad ./Sources/Events.o
 .debug_line    0x00008bd5       0x8d C:/Freescale/CW MCU v10.5/MCU/ARM_GCC_Support/ewl/lib/armv6-m\libc.a(exit.o)
 .debug_line    0x00008c62       0x8b C:/Freescale/CW MCU v10.5/MCU/ARM_GCC_Support/ewl/lib/armv6-m\libc.a(memcpy.o)
 .debug_line    0x00008ced       0x90 C:/Freescale/CW MCU v10.5/MCU/ARM_GCC_Support/ewl/lib/armv6-m\libc.a(memset.o)
 .debug_line    0x00008d7d       0x7d C:/Freescale/CW MCU v10.5/MCU/ARM_GCC_Support/ewl/lib/armv6-m\libc.a(strchr.o)
 .debug_line    0x00008dfa       0x85 C:/Freescale/CW MCU v10.5/MCU/ARM_GCC_Support/ewl/lib/armv6-m\libc.a(strlen.o)
 .debug_line    0x00008e7f      0x2c3 C:/Freescale/CW MCU v10.5/MCU/ARM_GCC_Support/ewl/lib/armv6-m\libc.a(printformat_.o)
 .debug_line    0x00009142      0x2be C:/Freescale/CW MCU v10.5/MCU/ARM_GCC_Support/ewl/lib/armv6-m\libc.a(scanformat_.o)
 .debug_line    0x00009400      0x1be C:/Freescale/CW MCU v10.5/MCU/ARM_GCC_Support/ewl/lib/armv6-m\libc.a(ctype_aeabi.o)
 .debug_line    0x000095be      0x11e C:/Freescale/CW MCU v10.5/MCU/ARM_GCC_Support/ewl/lib/armv6-m\libc.a(__strtoul.o)
 .debug_line    0x000096dc       0xf6 C:/Freescale/CW MCU v10.5/MCU/ARM_GCC_Support/ewl/lib/armv6-m\libc.a(__filll_mem.o)
 .debug_line    0x000097d2       0x9f C:/Freescale/CW MCU v10.5/MCU/ARM_GCC_Support/ewl/lib/armv6-m\libc.a(memchr.o)
 .debug_line    0x00009871       0x6c C:/Freescale/CW MCU v10.5/MCU/ARM_GCC_Support/ewl/lib/armv6-m\librt.a(gcc_ctor_dtor.o)
 .debug_line    0x000098dd      0x117 C:/Freescale/CW MCU v10.5/MCU/ARM_GCC_Support/ewl/lib/armv6-m\librt.a(__arm_eabi_init.o)

.debug_str      0x00000000     0x2f34
 .debug_str     0x00000000      0xa5d ./Generated_Code/tasks.o
                                0xaff (size before relaxing)
 .debug_str     0x00000a5d      0x3bf ./Generated_Code/queue.o
                                0x62d (size before relaxing)
 .debug_str     0x00000e1c      0x14e ./Generated_Code/port.o
                                0x2a6 (size before relaxing)
 .debug_str     0x00000f6a       0xad ./Generated_Code/list.o
                                0x271 (size before relaxing)
 .debug_str     0x00001017      0x14f ./Generated_Code/heap_2.o
                                0x373 (size before relaxing)
 .debug_str     0x00001166       0x7e ./Generated_Code/Wait.o
                                0x1a0 (size before relaxing)
 .debug_str     0x000011e4       0x55 ./Generated_Code/Vectors.o
                                0x254 (size before relaxing)
 .debug_str     0x00001239      0x188 ./Generated_Code/TriggerTop.o
                                0x2e2 (size before relaxing)
 .debug_str     0x000013c1       0xb8 ./Generated_Code/TriggerRight.o
                                0x2f2 (size before relaxing)
 .debug_str     0x00001479       0xb0 ./Generated_Code/TriggerLeft.o
                                0x2ea (size before relaxing)
 .debug_str     0x00001529      0x2f6 ./Generated_Code/TU2.o
                                0x5ae (size before relaxing)
 .debug_str     0x0000181f       0xf8 ./Generated_Code/TU1.o
                                0x5ae (size before relaxing)
 .debug_str     0x00001917      0x1d9 ./Generated_Code/RBT1.o
                                0x4cd (size before relaxing)
 .debug_str     0x00001af0       0xdf ./Generated_Code/PwmLdd4.o
                                0x2a2 (size before relaxing)
 .debug_str     0x00001bcf       0x89 ./Generated_Code/PwmLdd3.o
                                0x2a2 (size before relaxing)
 .debug_str     0x00001c58       0x65 ./Generated_Code/PwmLdd2.o
                                0x25e (size before relaxing)
 .debug_str     0x00001cbd       0x65 ./Generated_Code/PwmLdd1.o
                                0x25e (size before relaxing)
 .debug_str     0x00001d22      0x172 ./Generated_Code/PE_LDD.o
                                0x3a7 (size before relaxing)
 .debug_str     0x00001e94       0x26 ./Generated_Code/IN4.o
                                0x236 (size before relaxing)
 .debug_str     0x00001eba       0x26 ./Generated_Code/IN3.o
                                0x236 (size before relaxing)
 .debug_str     0x00001ee0       0x26 ./Generated_Code/IN2.o
                                0x236 (size before relaxing)
 .debug_str     0x00001f06       0x26 ./Generated_Code/IN1.o
                                0x236 (size before relaxing)
 .debug_str     0x00001f2c       0xbe ./Generated_Code/EchoTop.o
                                0x4f5 (size before relaxing)
 .debug_str     0x00001fea      0x1b6 ./Generated_Code/Cpu.o
                                0x55d (size before relaxing)
 .debug_str     0x000021a0      0x132 ./Generated_Code/BlueSerial.o
                                0x26d (size before relaxing)
 .debug_str     0x000022d2       0xa0 ./Generated_Code/BitIoLdd1.o
                                0x2da (size before relaxing)
 .debug_str     0x00002372      0x1b2 ./Generated_Code/ASerialLdd1.o
                                0x4a5 (size before relaxing)
 .debug_str     0x00002524       0x7c ./Project_Settings/Startup_Code/__arm_start.o
                                0x186 (size before relaxing)
 .debug_str     0x000025a0       0x41 ./Project_Settings/Startup_Code/__arm_end.o
                                 0xc6 (size before relaxing)
 .debug_str     0x000025e1       0x22 ./Sources/ProcessorExpert.o
                                0x218 (size before relaxing)
 .debug_str     0x00002603      0x161 ./Sources/Events.o
                                0x389 (size before relaxing)
 .debug_str     0x00002764       0x54 C:/Freescale/CW MCU v10.5/MCU/ARM_GCC_Support/ewl/lib/armv6-m\libc.a(exit.o)
                                0x157 (size before relaxing)
 .debug_str     0x000027b8       0x1c C:/Freescale/CW MCU v10.5/MCU/ARM_GCC_Support/ewl/lib/armv6-m\libc.a(memcpy.o)
                                0x138 (size before relaxing)
 .debug_str     0x000027d4       0x1c C:/Freescale/CW MCU v10.5/MCU/ARM_GCC_Support/ewl/lib/armv6-m\libc.a(memset.o)
                                0x140 (size before relaxing)
 .debug_str     0x000027f0       0x1c C:/Freescale/CW MCU v10.5/MCU/ARM_GCC_Support/ewl/lib/armv6-m\libc.a(strchr.o)
                                0x137 (size before relaxing)
 .debug_str     0x0000280c       0x24 C:/Freescale/CW MCU v10.5/MCU/ARM_GCC_Support/ewl/lib/armv6-m\libc.a(strlen.o)
                                0x140 (size before relaxing)
 .debug_str     0x00002830      0x233 C:/Freescale/CW MCU v10.5/MCU/ARM_GCC_Support/ewl/lib/armv6-m\libc.a(printformat_.o)
                                0x3b3 (size before relaxing)
 .debug_str     0x00002a63      0x184 C:/Freescale/CW MCU v10.5/MCU/ARM_GCC_Support/ewl/lib/armv6-m\libc.a(scanformat_.o)
                                0x3f9 (size before relaxing)
 .debug_str     0x00002be7       0x9d C:/Freescale/CW MCU v10.5/MCU/ARM_GCC_Support/ewl/lib/armv6-m\libc.a(ctype_aeabi.o)
                                0x1bc (size before relaxing)
 .debug_str     0x00002c84       0x5b C:/Freescale/CW MCU v10.5/MCU/ARM_GCC_Support/ewl/lib/armv6-m\libc.a(__strtoul.o)
                                0x1fb (size before relaxing)
 .debug_str     0x00002cdf       0x25 C:/Freescale/CW MCU v10.5/MCU/ARM_GCC_Support/ewl/lib/armv6-m\libc.a(__filll_mem.o)
                                0x152 (size before relaxing)
 .debug_str     0x00002d04       0x1c C:/Freescale/CW MCU v10.5/MCU/ARM_GCC_Support/ewl/lib/armv6-m\libc.a(memchr.o)
                                0x148 (size before relaxing)
 .debug_str     0x00002d20      0x126 C:/Freescale/CW MCU v10.5/MCU/ARM_GCC_Support/ewl/lib/armv6-m\librt.a(gcc_ctor_dtor.o)
                                0x181 (size before relaxing)
 .debug_str     0x00002e46       0xee C:/Freescale/CW MCU v10.5/MCU/ARM_GCC_Support/ewl/lib/armv6-m\librt.a(__arm_eabi_init.o)
                                0x1b5 (size before relaxing)

.comment        0x00000000       0x79
 .comment       0x00000000       0x79 ./Generated_Code/tasks.o
                                 0x7a (size before relaxing)
 .comment       0x00000000       0x7a ./Generated_Code/queue.o
 .comment       0x00000000       0x7a ./Generated_Code/port.o
 .comment       0x00000000       0x7a ./Generated_Code/list.o
 .comment       0x00000000       0x7a ./Generated_Code/heap_2.o
 .comment       0x00000000       0x7a ./Generated_Code/Wait.o
 .comment       0x00000000       0x7a ./Generated_Code/Vectors.o
 .comment       0x00000000       0x7a ./Generated_Code/TriggerTop.o
 .comment       0x00000000       0x7a ./Generated_Code/TriggerRight.o
 .comment       0x00000000       0x7a ./Generated_Code/TriggerLeft.o
 .comment       0x00000000       0x7a ./Generated_Code/TU2.o
 .comment       0x00000000       0x7a ./Generated_Code/TU1.o
 .comment       0x00000000       0x7a ./Generated_Code/RBT1.o
 .comment       0x00000000       0x7a ./Generated_Code/PwmLdd4.o
 .comment       0x00000000       0x7a ./Generated_Code/PwmLdd3.o
 .comment       0x00000000       0x7a ./Generated_Code/PwmLdd2.o
 .comment       0x00000000       0x7a ./Generated_Code/PwmLdd1.o
 .comment       0x00000000       0x7a ./Generated_Code/PE_LDD.o
 .comment       0x00000000       0x7a ./Generated_Code/IN4.o
 .comment       0x00000000       0x7a ./Generated_Code/IN3.o
 .comment       0x00000000       0x7a ./Generated_Code/IN2.o
 .comment       0x00000000       0x7a ./Generated_Code/IN1.o
 .comment       0x00000000       0x7a ./Generated_Code/EchoTop.o
 .comment       0x00000000       0x7a ./Generated_Code/Cpu.o
 .comment       0x00000000       0x7a ./Generated_Code/BlueSerial.o
 .comment       0x00000000       0x7a ./Generated_Code/BitIoLdd1.o
 .comment       0x00000000       0x7a ./Generated_Code/ASerialLdd1.o
 .comment       0x00000000       0x7a ./Project_Settings/Startup_Code/__arm_start.o
 .comment       0x00000000       0x7a ./Project_Settings/Startup_Code/__arm_end.o
 .comment       0x00000000       0x7a ./Sources/ProcessorExpert.o
 .comment       0x00000000       0x7a ./Sources/Events.o
 .comment       0x00000000       0x7a C:/Freescale/CW MCU v10.5/MCU/ARM_GCC_Support/ewl/lib/armv6-m\libc.a(exit.o)
 .comment       0x00000000       0x7a C:/Freescale/CW MCU v10.5/MCU/ARM_GCC_Support/ewl/lib/armv6-m\libc.a(memcpy.o)
 .comment       0x00000000       0x7a C:/Freescale/CW MCU v10.5/MCU/ARM_GCC_Support/ewl/lib/armv6-m\libc.a(memset.o)
 .comment       0x00000000       0x7a C:/Freescale/CW MCU v10.5/MCU/ARM_GCC_Support/ewl/lib/armv6-m\libc.a(strchr.o)
 .comment       0x00000000       0x7a C:/Freescale/CW MCU v10.5/MCU/ARM_GCC_Support/ewl/lib/armv6-m\libc.a(strlen.o)
 .comment       0x00000000       0x7a C:/Freescale/CW MCU v10.5/MCU/ARM_GCC_Support/ewl/lib/armv6-m\libc.a(printformat_.o)
 .comment       0x00000000       0x7a C:/Freescale/CW MCU v10.5/MCU/ARM_GCC_Support/ewl/lib/armv6-m\libc.a(scanformat_.o)
 .comment       0x00000000       0x7a C:/Freescale/CW MCU v10.5/MCU/ARM_GCC_Support/ewl/lib/armv6-m\libc.a(ctype_aeabi.o)
 .comment       0x00000000       0x7a C:/Freescale/CW MCU v10.5/MCU/ARM_GCC_Support/ewl/lib/armv6-m\libc.a(__strtoul.o)
 .comment       0x00000000       0x7a C:/Freescale/CW MCU v10.5/MCU/ARM_GCC_Support/ewl/lib/armv6-m\libc.a(__filll_mem.o)
 .comment       0x00000000       0x7a C:/Freescale/CW MCU v10.5/MCU/ARM_GCC_Support/ewl/lib/armv6-m\libc.a(memchr.o)
 .comment       0x00000000       0x7a C:/Freescale/CW MCU v10.5/MCU/ARM_GCC_Support/ewl/lib/armv6-m\librt.a(gcc_ctor_dtor.o)
 .comment       0x00000000       0x7a C:/Freescale/CW MCU v10.5/MCU/ARM_GCC_Support/ewl/lib/armv6-m\librt.a(__arm_eabi_init.o)

.debug_frame    0x00000000     0x2080
 .debug_frame   0x00000000      0x520 ./Generated_Code/tasks.o
 .debug_frame   0x00000520      0x2f0 ./Generated_Code/queue.o
 .debug_frame   0x00000810      0x188 ./Generated_Code/port.o
 .debug_frame   0x00000998       0xb0 ./Generated_Code/list.o
 .debug_frame   0x00000a48       0xa8 ./Generated_Code/heap_2.o
 .debug_frame   0x00000af0       0x90 ./Generated_Code/Wait.o
 .debug_frame   0x00000b80       0xb0 ./Generated_Code/TriggerTop.o
 .debug_frame   0x00000c30       0xb0 ./Generated_Code/TriggerRight.o
 .debug_frame   0x00000ce0       0xb0 ./Generated_Code/TriggerLeft.o
 .debug_frame   0x00000d90      0x110 ./Generated_Code/TU2.o
 .debug_frame   0x00000ea0      0x110 ./Generated_Code/TU1.o
 .debug_frame   0x00000fb0      0x1c8 ./Generated_Code/RBT1.o
 .debug_frame   0x00001178       0xd0 ./Generated_Code/PwmLdd4.o
 .debug_frame   0x00001248       0xd0 ./Generated_Code/PwmLdd3.o
 .debug_frame   0x00001318       0x90 ./Generated_Code/PwmLdd2.o
 .debug_frame   0x000013a8       0x90 ./Generated_Code/PwmLdd1.o
 .debug_frame   0x00001438       0x6c ./Generated_Code/PE_LDD.o
 .debug_frame   0x000014a4       0x30 ./Generated_Code/IN4.o
 .debug_frame   0x000014d4       0x30 ./Generated_Code/IN3.o
 .debug_frame   0x00001504       0x30 ./Generated_Code/IN2.o
 .debug_frame   0x00001534       0x30 ./Generated_Code/IN1.o
 .debug_frame   0x00001564       0x90 ./Generated_Code/EchoTop.o
 .debug_frame   0x000015f4       0xc0 ./Generated_Code/Cpu.o
 .debug_frame   0x000016b4       0xe0 ./Generated_Code/BlueSerial.o
 .debug_frame   0x00001794       0xb0 ./Generated_Code/BitIoLdd1.o
 .debug_frame   0x00001844      0x138 ./Generated_Code/ASerialLdd1.o
 .debug_frame   0x0000197c       0x4c ./Project_Settings/Startup_Code/__arm_start.o
 .debug_frame   0x000019c8       0x30 ./Project_Settings/Startup_Code/__arm_end.o
 .debug_frame   0x000019f8       0x2c ./Sources/ProcessorExpert.o
 .debug_frame   0x00001a24      0x210 ./Sources/Events.o
 .debug_frame   0x00001c34       0x2c C:/Freescale/CW MCU v10.5/MCU/ARM_GCC_Support/ewl/lib/armv6-m\libc.a(exit.o)
 .debug_frame   0x00001c60       0x28 C:/Freescale/CW MCU v10.5/MCU/ARM_GCC_Support/ewl/lib/armv6-m\libc.a(memcpy.o)
 .debug_frame   0x00001c88       0x28 C:/Freescale/CW MCU v10.5/MCU/ARM_GCC_Support/ewl/lib/armv6-m\libc.a(memset.o)
 .debug_frame   0x00001cb0       0x28 C:/Freescale/CW MCU v10.5/MCU/ARM_GCC_Support/ewl/lib/armv6-m\libc.a(strchr.o)
 .debug_frame   0x00001cd8       0x28 C:/Freescale/CW MCU v10.5/MCU/ARM_GCC_Support/ewl/lib/armv6-m\libc.a(strlen.o)
 .debug_frame   0x00001d00       0x54 C:/Freescale/CW MCU v10.5/MCU/ARM_GCC_Support/ewl/lib/armv6-m\libc.a(printformat_.o)
 .debug_frame   0x00001d54       0x34 C:/Freescale/CW MCU v10.5/MCU/ARM_GCC_Support/ewl/lib/armv6-m\libc.a(scanformat_.o)
 .debug_frame   0x00001d88      0x158 C:/Freescale/CW MCU v10.5/MCU/ARM_GCC_Support/ewl/lib/armv6-m\libc.a(ctype_aeabi.o)
 .debug_frame   0x00001ee0       0x30 C:/Freescale/CW MCU v10.5/MCU/ARM_GCC_Support/ewl/lib/armv6-m\libc.a(__strtoul.o)
 .debug_frame   0x00001f10       0x2c C:/Freescale/CW MCU v10.5/MCU/ARM_GCC_Support/ewl/lib/armv6-m\libc.a(__filll_mem.o)
 .debug_frame   0x00001f3c       0x28 C:/Freescale/CW MCU v10.5/MCU/ARM_GCC_Support/ewl/lib/armv6-m\libc.a(memchr.o)
 .debug_frame   0x00001f64       0x20 c:/freescale/cw mcu v10.5/cross_tools/arm-none-eabi-gcc-4_7_3/bin/../lib/gcc/arm-none-eabi/4.7.3/armv6-m\libgcc.a(_udivsi3.o)
 .debug_frame   0x00001f84       0x40 C:/Freescale/CW MCU v10.5/MCU/ARM_GCC_Support/ewl/lib/armv6-m\librt.a(gcc_ctor_dtor.o)
 .debug_frame   0x00001fc4       0xbc C:/Freescale/CW MCU v10.5/MCU/ARM_GCC_Support/ewl/lib/armv6-m\librt.a(__arm_eabi_init.o)
